node.exe : FAIL tests/unit/bulk-
schemas.test.ts
At line:1 char:1
+ & "C:\Program Files\nodejs/nod
e.exe" "C:\Users\Lenovo\AppData\
Roaming ...
+ ~~~~~~~~~~~~~~~~~~~~~~~~~~~~~~
~~~~~~~~~~~~~~~~~~~~~~~~~~~~~~~~
~~~~~~~
    + CategoryInfo          : N 
   otSpecified: (FAIL tests/un  
  it/bulk-schemas.test.ts:Str   
 ing) [], RemoteException
    + FullyQualifiedErrorId : N 
   ativeCommandError
 
  тЧП Bulk Schemas тА║ BulkAssig
nSchema тА║ validates valid assi
gn payload

    expect(received).toBe(expect
ed) // Object.is equality

    Expected: true
    Received: false

    [0m [90m  5 |[39m        
 it([32m'validates valid assign
 payload'[39m[33m,[39m () [3
3m=>[39m {
     [90m  6 |[39m            
 [36mconst[39m result [33m=[
39m [33mBulkAssignSchema[39m[
33m.[39msafeParse({ issueIds[3
3m:[39m [[32m'id1'[39m[33m,
[39m [32m'id2'[39m][33m,[39m
 assigneeUserId[33m:[39m [32m
'user1'[39m })[33m;[39m
    [31m[1m>[22m[39m[90m  7
 |[39m             expect(resul
t[33m.[39msuccess)[33m.[39mt
oBe([36mtrue[39m)[33m;[39m
     [90m    |[39m            
                        [31m[1
m^[22m[39m
     [90m  8 |[39m         })
[33m;[39m
     [90m  9 |[39m
     [90m 10 |[39m         it(
[32m'allows null assigneeUserId
 for unassign'[39m[33m,[39m (
) [33m=>[39m {[0m

      at Object.<anonymous> (tes
ts/unit/bulk-schemas.test.ts:7:3
6)

  тЧП Bulk Schemas тА║ BulkAssig
nSchema тА║ allows null assignee
UserId for unassign

    expect(received).toBe(expect
ed) // Object.is equality

    Expected: true
    Received: false

    [0m [90m 10 |[39m        
 it([32m'allows null assigneeUs
erId for unassign'[39m[33m,[3
9m () [33m=>[39m {
     [90m 11 |[39m            
 [36mconst[39m result [33m=[
39m [33mBulkAssignSchema[39m[
33m.[39msafeParse({ issueIds[3
3m:[39m [[32m'id1'[39m][33m,
[39m assigneeUserId[33m:[39m 
[36mnull[39m })[33m;[39m
    [31m[1m>[22m[39m[90m 12
 |[39m             expect(resul
t[33m.[39msuccess)[33m.[39mt
oBe([36mtrue[39m)[33m;[39m
     [90m    |[39m            
                        [31m[1
m^[22m[39m
     [90m 13 |[39m         })
[33m;[39m
     [90m 14 |[39m
     [90m 15 |[39m         it(
[32m'rejects empty issueIds'[3
9m[33m,[39m () [33m=>[39m {
[0m

      at Object.<anonymous> (tes
ts/unit/bulk-schemas.test.ts:12:
36)

  тЧП Bulk Schemas тА║ BulkAssig
nSchema тА║ strips unknown field
s

    ZodError: [
      {
        "code": "invalid_type",
        "expected": "array",
        "received": "undefined",
        "path": [
          "taskIds"
        ],
        "message": "Required"
      }
    ]

    [0m [90m 25 |[39m
     [90m 26 |[39m         it(
[32m'strips unknown fields'[39
m[33m,[39m () [33m=>[39m {
    [31m[1m>[22m[39m[90m 27
 |[39m             [36mconst[
39m result [33m=[39m [33mBulk
AssignSchema[39m[33m.[39mpars
e({ issueIds[33m:[39m [[32m'i
d1'[39m][33m,[39m assigneeUse
rId[33m:[39m [36mnull[39m[3
3m,[39m extra[33m:[39m [32m'
field'[39m })[33m;[39m
     [90m    |[39m            
                                
 [31m[1m^[22m[39m
     [90m 28 |[39m            
 expect(result)[33m.[39mnot[3
3m.[39mtoHaveProperty([32m'ext
ra'[39m)[33m;[39m
     [90m 29 |[39m         })
[33m;[39m
     [90m 30 |[39m     })[33m
;[39m[0m

      at Object.get error [as er
ror] (node_modules/zod/v3/types.
cjs:45:31)
      at ZodObject.parse (node_m
odules/zod/v3/types.cjs:120:22)
      at Object.<anonymous> (tes
ts/unit/bulk-schemas.test.ts:27:
45)

  тЧП Bulk Schemas тА║ BulkStatu
sSchema тА║ validates valid stat
us payload

    expect(received).toBe(expect
ed) // Object.is equality

    Expected: true
    Received: false

    [0m [90m 33 |[39m        
 it([32m'validates valid status
 payload'[39m[33m,[39m () [3
3m=>[39m {
     [90m 34 |[39m            
 [36mconst[39m result [33m=[
39m [33mBulkStatusSchema[39m[
33m.[39msafeParse({ issueIds[3
3m:[39m [[32m'id1'[39m][33m,
[39m status[33m:[39m [32m'RE
SOLVED'[39m })[33m;[39m
    [31m[1m>[22m[39m[90m 35
 |[39m             expect(resul
t[33m.[39msuccess)[33m.[39mt
oBe([36mtrue[39m)[33m;[39m
     [90m    |[39m            
                        [31m[1
m^[22m[39m
     [90m 36 |[39m         })
[33m;[39m
     [90m 37 |[39m
     [90m 38 |[39m         it(
[32m'accepts optional resolutio
n'[39m[33m,[39m () [33m=>[3
9m {[0m

      at Object.<anonymous> (tes
ts/unit/bulk-schemas.test.ts:35:
36)

  тЧП Bulk Schemas тА║ BulkStatu
sSchema тА║ accepts optional res
olution

    expect(received).toBe(expect
ed) // Object.is equality

    Expected: true
    Received: false

    [0m [90m 38 |[39m        
 it([32m'accepts optional resol
ution'[39m[33m,[39m () [33m=
>[39m {
     [90m 39 |[39m            
 [36mconst[39m result [33m=[
39m [33mBulkStatusSchema[39m[
33m.[39msafeParse({ issueIds[3
3m:[39m [[32m'id1'[39m][33m,
[39m status[33m:[39m [32m'RE
SOLVED'[39m[33m,[39m resoluti
on[33m:[39m [32m'Fixed'[39m 
})[33m;[39m
    [31m[1m>[22m[39m[90m 40
 |[39m             expect(resul
t[33m.[39msuccess)[33m.[39mt
oBe([36mtrue[39m)[33m;[39m
     [90m    |[39m            
                        [31m[1
m^[22m[39m
     [90m 41 |[39m         })
[33m;[39m
     [90m 42 |[39m
     [90m 43 |[39m         it(
[32m'rejects invalid status'[3
9m[33m,[39m () [33m=>[39m {
[0m

      at Object.<anonymous> (tes
ts/unit/bulk-schemas.test.ts:40:
36)

  тЧП Bulk Schemas тА║ BulkDueDa
teSchema тА║ validates valid due
 date payload

    expect(received).toBe(expect
ed) // Object.is equality

    Expected: true
    Received: false

    [0m [90m 55 |[39m        
 it([32m'validates valid due da
te payload'[39m[33m,[39m () 
[33m=>[39m {
     [90m 56 |[39m            
 [36mconst[39m result [33m=[
39m [33mBulkDueDateSchema[39m
[33m.[39msafeParse({ issueIds[
33m:[39m [[32m'id1'[39m][33m
,[39m dueAt[33m:[39m [32m'20
25-12-31'[39m })[33m;[39m
    [31m[1m>[22m[39m[90m 57
 |[39m             expect(resul
t[33m.[39msuccess)[33m.[39mt
oBe([36mtrue[39m)[33m;[39m
     [90m    |[39m            
                        [31m[1
m^[22m[39m
     [90m 58 |[39m         })
[33m;[39m
     [90m 59 |[39m
     [90m 60 |[39m         it(
[32m'allows null dueAt to clear
 due date'[39m[33m,[39m () [
33m=>[39m {[0m

      at Object.<anonymous> (tes
ts/unit/bulk-schemas.test.ts:57:
36)

  тЧП Bulk Schemas тА║ BulkDueDa
teSchema тА║ allows null dueAt t
o clear due date

    expect(received).toBe(expect
ed) // Object.is equality

    Expected: true
    Received: false

    [0m [90m 60 |[39m        
 it([32m'allows null dueAt to c
lear due date'[39m[33m,[39m (
) [33m=>[39m {
     [90m 61 |[39m            
 [36mconst[39m result [33m=[
39m [33mBulkDueDateSchema[39m
[33m.[39msafeParse({ issueIds[
33m:[39m [[32m'id1'[39m][33m
,[39m dueAt[33m:[39m [36mnul
l[39m })[33m;[39m
    [31m[1m>[22m[39m[90m 62
 |[39m             expect(resul
t[33m.[39msuccess)[33m.[39mt
oBe([36mtrue[39m)[33m;[39m
     [90m    |[39m            
                        [31m[1
m^[22m[39m
     [90m 63 |[39m         })
[33m;[39m
     [90m 64 |[39m
     [90m 65 |[39m         it(
[32m'rejects empty issueIds'[3
9m[33m,[39m () [33m=>[39m {
[0m

      at Object.<anonymous> (tes
ts/unit/bulk-schemas.test.ts:62:
36)

FAIL tests/unit/no-fallbacks.tes
t.ts
  тЧП Console

    console.error
      Forbidden 'process.env' us
age found in C:\Users\Lenovo\.ge
mini\antigravity\scratch\inflect
-compliance\src\lib\prisma.ts

    [0m [90m 34 |[39m        
     [90m// Look for `process.e
nv.Something`[39m
     [90m 35 |[39m            
 [36mif[39m (content[33m.[39
mincludes([32m'process.env.'[3
9m)) {
    [31m[1m>[22m[39m[90m 36
 |[39m                 console
[33m.[39merror([32m`Forbidden 
'process.env' usage found in ${f
ile}`[39m)[33m;[39m
     [90m    |[39m            
             [31m[1m^[22m[39
m
     [90m 37 |[39m            
     foundErrors [33m=[39m [3
6mtrue[39m[33m;[39m
     [90m 38 |[39m            
 }
     [90m 39 |[39m[0m

      at Object.<anonymous> (tes
ts/unit/no-fallbacks.test.ts:36:
25)

  тЧП Static Analysis: No proces
s.env fallbacks тА║ should not c
ontain forbidden process.env or 
secret fallback patterns in src

    expect(received).toBe(expect
ed) // Object.is equality

    Expected: false
    Received: true

    [0m [90m 45 |[39m        
 }
     [90m 46 |[39m
    [31m[1m>[22m[39m[90m 47
 |[39m         expect(foundErro
rs)[33m.[39mtoBe([36mfalse[3
9m)[33m;[39m
     [90m    |[39m            
                 [31m[1m^[22m
[39m
     [90m 48 |[39m     })[33m
;[39m
     [90m 49 |[39m })[33m;[3
9m
     [90m 50 |[39m[0m

      at Object.<anonymous> (tes
ts/unit/no-fallbacks.test.ts:47:
29)

FAIL tests/unit/issue-schemas.te
st.ts
  тЧП Issue Schemas тА║ CreateIs
sueSchema тА║ requires type

    expect(received).toBe(expect
ed) // Object.is equality

    Expected: false
    Received: true

    [0m [90m 30 |[39m        
 it([32m'requires type'[39m[3
3m,[39m () [33m=>[39m {
     [90m 31 |[39m            
 [36mconst[39m result [33m=[
39m [33mCreateIssueSchema[39m
[33m.[39msafeParse({ title[33m
:[39m [32m'Test'[39m })[33m;
[39m
    [31m[1m>[22m[39m[90m 32
 |[39m             expect(resul
t[33m.[39msuccess)[33m.[39mt
oBe([36mfalse[39m)[33m;[39m
     [90m    |[39m            
                        [31m[1
m^[22m[39m
     [90m 33 |[39m         })
[33m;[39m
     [90m 34 |[39m
     [90m 35 |[39m         it(
[32m'rejects invalid type'[39m
[33m,[39m () [33m=>[39m {[0
m

      at Object.<anonymous> (tes
ts/unit/issue-schemas.test.ts:32
:36)

FAIL tests/unit/audit-issue-sche
mas.test.ts
  тЧП Audit Issue Schemas тА║ Cr
eateIssueSchema audit fields тА║
 accepts findingSource for AUDIT
_FINDING

    expect(received).toBe(expect
ed) // Object.is equality

    Expected: "EXTERNAL_AUDITOR"
    Received: undefined

    [0m [90m  9 |[39m        
     })[33m;[39m
     [90m 10 |[39m            
 expect(result[33m.[39msuccess
)[33m.[39mtoBe([36mtrue[39m)
[33m;[39m
    [31m[1m>[22m[39m[90m 11
 |[39m             [36mif[39m
 (result[33m.[39msuccess) expe
ct(result[33m.[39mdata[33m.[
39mfindingSource)[33m.[39mtoBe
([32m'EXTERNAL_AUDITOR'[39m)[
33m;[39m
     [90m    |[39m            
                                
                       [31m[1m
^[22m[39m
     [90m 12 |[39m         })
[33m;[39m
     [90m 13 |[39m
     [90m 14 |[39m         it(
[32m'accepts controlGapType for
 CONTROL_GAP'[39m[33m,[39m ()
 [33m=>[39m {[0m

      at Object.<anonymous> (tes
ts/unit/audit-issue-schemas.test
.ts:11:67)

  тЧП Audit Issue Schemas тА║ Cr
eateIssueSchema audit fields тА║
 accepts controlGapType for CONT
ROL_GAP

    expect(received).toBe(expect
ed) // Object.is equality

    Expected: "DESIGN"
    Received: undefined

    [0m [90m 18 |[39m        
     })[33m;[39m
     [90m 19 |[39m            
 expect(result[33m.[39msuccess
)[33m.[39mtoBe([36mtrue[39m)
[33m;[39m
    [31m[1m>[22m[39m[90m 20
 |[39m             [36mif[39m
 (result[33m.[39msuccess) expe
ct(result[33m.[39mdata[33m.[
39mcontrolGapType)[33m.[39mtoB
e([32m'DESIGN'[39m)[33m;[39m
     [90m    |[39m            
                                
                        [31m[1
m^[22m[39m
     [90m 21 |[39m         })
[33m;[39m
     [90m 22 |[39m
     [90m 23 |[39m         it(
[32m'accepts remediation fields
'[39m[33m,[39m () [33m=>[39
m {[0m

      at Object.<anonymous> (tes
ts/unit/audit-issue-schemas.test
.ts:20:68)

  тЧП Audit Issue Schemas тА║ Cr
eateIssueSchema audit fields тА║
 accepts remediation fields

    expect(received).toBe(expect
ed) // Object.is equality

    Expected: "Fix all the thing
s"
    Received: undefined

    [0m [90m 30 |[39m        
     expect(result[33m.[39msuc
cess)[33m.[39mtoBe([36mtrue[
39m)[33m;[39m
     [90m 31 |[39m            
 [36mif[39m (result[33m.[39m
success) {
    [31m[1m>[22m[39m[90m 32
 |[39m                 expect(r
esult[33m.[39mdata[33m.[39mr
emediationPlan)[33m.[39mtoBe(
[32m'Fix all the things'[39m)[
33m;[39m
     [90m    |[39m            
                                
         [31m[1m^[22m[39m
     [90m 33 |[39m            
     expect(result[33m.[39mdat
a[33m.[39mremediationOwnerUser
Id)[33m.[39mtoBe([32m'user-12
3'[39m)[33m;[39m
     [90m 34 |[39m            
     expect(result[33m.[39mdat
a[33m.[39mremediationDueAt)[3
3m.[39mtoBe([32m'2025-06-01'[
39m)[33m;[39m
     [90m 35 |[39m            
 }[0m

      at Object.<anonymous> (tes
ts/unit/audit-issue-schemas.test
.ts:32:53)

  тЧП Audit Issue Schemas тА║ Cr
eateIssueSchema audit fields тА║
 rejects invalid findingSource

    expect(received).toBe(expect
ed) // Object.is equality

    Expected: false
    Received: true

    [0m [90m 41 |[39m        
         findingSource[33m:[39
m [32m'INVALID_SOURCE'[39m[33
m,[39m
     [90m 42 |[39m            
 })[33m;[39m
    [31m[1m>[22m[39m[90m 43
 |[39m             expect(resul
t[33m.[39msuccess)[33m.[39mt
oBe([36mfalse[39m)[33m;[39m
     [90m    |[39m            
                        [31m[1
m^[22m[39m
     [90m 44 |[39m         })
[33m;[39m
     [90m 45 |[39m
     [90m 46 |[39m         it(
[32m'rejects invalid controlGap
Type'[39m[33m,[39m () [33m=>
[39m {[0m

      at Object.<anonymous> (tes
ts/unit/audit-issue-schemas.test
.ts:43:36)

  тЧП Audit Issue Schemas тА║ Cr
eateIssueSchema audit fields тА║
 rejects invalid controlGapType

    expect(received).toBe(expect
ed) // Object.is equality

    Expected: false
    Received: true

    [0m [90m 49 |[39m        
         controlGapType[33m:[3
9m [32m'INVALID_GAP'[39m[33m,
[39m
     [90m 50 |[39m            
 })[33m;[39m
    [31m[1m>[22m[39m[90m 51
 |[39m             expect(resul
t[33m.[39msuccess)[33m.[39mt
oBe([36mfalse[39m)[33m;[39m
     [90m    |[39m            
                        [31m[1
m^[22m[39m
     [90m 52 |[39m         })
[33m;[39m
     [90m 53 |[39m
     [90m 54 |[39m         it(
[32m'strips unknown audit field
s'[39m[33m,[39m () [33m=>[3
9m {[0m

      at Object.<anonymous> (tes
ts/unit/audit-issue-schemas.test
.ts:51:36)

  тЧП Audit Issue Schemas тА║ Se
tIssueStatusSchema new statuses 
тА║ accepts REMEDIATION_IN_PROGR
ESS

    expect(received).toBe(expect
ed) // Object.is equality

    Expected: true
    Received: false

    [0m [90m 81 |[39m        
 it([32m'accepts REMEDIATION_IN
_PROGRESS'[39m[33m,[39m () [
33m=>[39m {
     [90m 82 |[39m            
 [36mconst[39m result [33m=[
39m [33mSetIssueStatusSchema[3
9m[33m.[39msafeParse({ status
[33m:[39m [32m'REMEDIATION_IN_
PROGRESS'[39m })[33m;[39m
    [31m[1m>[22m[39m[90m 83
 |[39m             expect(resul
t[33m.[39msuccess)[33m.[39mt
oBe([36mtrue[39m)[33m;[39m
     [90m    |[39m            
                        [31m[1
m^[22m[39m
     [90m 84 |[39m         })
[33m;[39m
     [90m 85 |[39m
     [90m 86 |[39m         it(
[32m'accepts READY_FOR_RETEST'
[39m[33m,[39m () [33m=>[39m 
{[0m

      at Object.<anonymous> (tes
ts/unit/audit-issue-schemas.test
.ts:83:36)

  тЧП Audit Issue Schemas тА║ Se
tIssueStatusSchema new statuses 
тА║ accepts READY_FOR_RETEST

    expect(received).toBe(expect
ed) // Object.is equality

    Expected: true
    Received: false

    [0m [90m 86 |[39m        
 it([32m'accepts READY_FOR_RETE
ST'[39m[33m,[39m () [33m=>[
39m {
     [90m 87 |[39m            
 [36mconst[39m result [33m=[
39m [33mSetIssueStatusSchema[3
9m[33m.[39msafeParse({ status
[33m:[39m [32m'READY_FOR_RETES
T'[39m })[33m;[39m
    [31m[1m>[22m[39m[90m 88
 |[39m             expect(resul
t[33m.[39msuccess)[33m.[39mt
oBe([36mtrue[39m)[33m;[39m
     [90m    |[39m            
                        [31m[1
m^[22m[39m
     [90m 89 |[39m         })
[33m;[39m
     [90m 90 |[39m
     [90m 91 |[39m         it(
[32m'still accepts old statuses
'[39m[33m,[39m () [33m=>[39
m {[0m

      at Object.<anonymous> (tes
ts/unit/audit-issue-schemas.test
.ts:88:36)

PASS tests/integration/validatio
n-routes.test.ts
PASS tests/unit/tenant-isolation
-structural.test.ts
FAIL tests/integration/rls-isola
tion.test.ts
  тЧП Postgres RLS Tenant Isolat
ion тА║ Risk SELECT Isolation тА
║ Tenant A context cannot see Te
nant B risks even without WHERE 
filter

    PrismaClientUnknownRequestEr
ror: 
    Invalid `tx.risk.findMany()`
 invocation in
    C:\Users\Lenovo\.gemini\anti
gravity\scratch\inflect-complian
ce\tests\integration\rls-isolati
on.test.ts:116:45

      113 describe('Risk SELECT 
Isolation', () => {
      114     it('Tenant A conte
xt cannot see Tenant B risks eve
n without WHERE filter', async (
) => {
      115         await withTena
ntDb(tenantAId, async (tx) => {
    тЖТ 116             const ri
sks = await tx.risk.findMany(
    Error occurred during query 
execution:
    ConnectorError(ConnectorErro
r { user_facing_error: None, kin
d: QueryError(PostgresError { co
de: "42501", message: "permissio
n denied for schema public", sev
erity: "ERROR", detail: None, co
lumn: None, hint: None }), trans
ient: false })

    [0m [90m 114 |[39m       
  it([32m'Tenant A context cann
ot see Tenant B risks even witho
ut WHERE filter'[39m[33m,[39m
 [36masync[39m () [33m=>[39m
 {
     [90m 115 |[39m           
  [36mawait[39m withTenantDb(t
enantAId[33m,[39m [36masync[
39m (tx) [33m=>[39m {
    [31m[1m>[22m[39m[90m 11
6 |[39m                 [36mco
nst[39m risks [33m=[39m [36m
await[39m tx[33m.[39mrisk[33
m.[39mfindMany({
     [90m     |[39m           
                    [31m[1m^[
22m[39m
     [90m 117 |[39m           
          where[33m:[39m { tit
le[33m:[39m { contains[33m:[
39m testRunId } }
     [90m 118 |[39m           
      })[33m;[39m
     [90m 119 |[39m[0m

      at $n.handleRequestError (
node_modules/@prisma/client/runt
ime/library.js:121:7505)
      at $n.handleAndLogRequestE
rror (node_modules/@prisma/clien
t/runtime/library.js:121:6623)
      at $n.request (node_module
s/@prisma/client/runtime/library
.js:121:6307)
      at l (node_modules/@prisma
/client/runtime/library.js:130:9
633)
      at tests/integration/rls-i
solation.test.ts:116:31
      at Proxy._transactionWithC
allback (node_modules/@prisma/cl
ient/runtime/library.js:130:8000
)

  тЧП Postgres RLS Tenant Isolat
ion тА║ Risk INSERT Isolation тА
║ Cannot insert a risk belonging
 to Tenant B while in Tenant A c
ontext

    expect(received).rejects.toT
hrow(expected)

    Expected pattern: /new row v
iolates row-level security polic
y/
    Received message: "
    Invalid `tx.risk.create()` i
nvocation in
    C:\\Users\\Lenovo\\.gemini\\
antigravity\\scratch\\inflect-co
mpliance\\tests\\integration\\rl
s-isolation.test.ts:132:35┬╖
      129 it('Cannot insert a ri
sk belonging to Tenant B while i
n Tenant A context', async () =>
 {
      130     await expect(
      131         withTenantDb(t
enantAId, async (tx) => {
    тЖТ 132             await tx
.risk.create(
    Error occurred during query 
execution:
    ConnectorError(ConnectorErro
r { user_facing_error: None, kin
d: QueryError(PostgresError { co
de: \"42501\", message: \"permis
sion denied for schema public\",
 severity: \"ERROR\", detail: No
ne, column: None, hint: None }),
 transient: false })"

        [0m [90m 130 |[39m   
          [36mawait[39m expect
(
         [90m 131 |[39m       
          withTenantDb(tenantAId
[33m,[39m [36masync[39m (tx)
 [33m=>[39m {
        [31m[1m>[22m[39m[90
m 132 |[39m                    
 [36mawait[39m tx[33m.[39mri
sk[33m.[39mcreate({
         [90m     |[39m       
              [31m[1m^[22m[3
9m
         [90m 133 |[39m       
                  data[33m:[39
m {
         [90m 134 |[39m       
                      tenantId[
33m:[39m tenantBId[33m,[39m
         [90m 135 |[39m       
                      title[33m
:[39m [32m'Malicious Risk Inse
rt'[39m[33m,[39m[0m

      at $n.handleRequestError (
node_modules/@prisma/client/runt
ime/library.js:121:7505)
      at $n.handleAndLogRequestE
rror (node_modules/@prisma/clien
t/runtime/library.js:121:6623)
      at $n.request (node_module
s/@prisma/client/runtime/library
.js:121:6307)
      at l (node_modules/@prisma
/client/runtime/library.js:130:9
633)
      at tests/integration/rls-i
solation.test.ts:132:21
      at Proxy._transactionWithC
allback (node_modules/@prisma/cl
ient/runtime/library.js:130:8000
)
      at Object.toThrow (node_mo
dules/expect/build/index.js:218:
22)
      at Object.<anonymous> (tes
ts/integration/rls-isolation.tes
t.ts:141:23)

  тЧП Postgres RLS Tenant Isolat
ion тА║ Risk DELETE Isolation тА
║ Cannot delete Tenant B risks f
rom Tenant A context

    PrismaClientUnknownRequestEr
ror: 
    Invalid `tx.risk.deleteMany(
)` invocation in
    C:\Users\Lenovo\.gemini\anti
gravity\scratch\inflect-complian
ce\tests\integration\rls-isolati
on.test.ts:148:46

      145 describe('Risk DELETE 
Isolation', () => {
      146     it('Cannot delete 
Tenant B risks from Tenant A con
text', async () => {
      147         await withTena
ntDb(tenantAId, async (tx) => {
    тЖТ 148             const re
sult = await tx.risk.deleteMany(
    Error occurred during query 
execution:
    ConnectorError(ConnectorErro
r { user_facing_error: None, kin
d: QueryError(PostgresError { co
de: "42501", message: "permissio
n denied for schema public", sev
erity: "ERROR", detail: None, co
lumn: None, hint: None }), trans
ient: false })

    [0m [90m 146 |[39m       
  it([32m'Cannot delete Tenant 
B risks from Tenant A context'[
39m[33m,[39m [36masync[39m (
) [33m=>[39m {
     [90m 147 |[39m           
  [36mawait[39m withTenantDb(t
enantAId[33m,[39m [36masync[
39m (tx) [33m=>[39m {
    [31m[1m>[22m[39m[90m 14
8 |[39m                 [36mco
nst[39m result [33m=[39m [36
mawait[39m tx[33m.[39mrisk[3
3m.[39mdeleteMany({
     [90m     |[39m           
                     [31m[1m^
[22m[39m
     [90m 149 |[39m           
          where[33m:[39m { tit
le[33m:[39m { contains[33m:[
39m testRunId } }
     [90m 150 |[39m           
      })[33m;[39m
     [90m 151 |[39m           
      expect(result[33m.[39mco
unt)[33m.[39mtoBeGreaterThan(
[35m0[39m)[33m;[39m[0m

      at $n.handleRequestError (
node_modules/@prisma/client/runt
ime/library.js:121:7505)
      at $n.handleAndLogRequestE
rror (node_modules/@prisma/clien
t/runtime/library.js:121:6623)
      at $n.request (node_module
s/@prisma/client/runtime/library
.js:121:6307)
      at l (node_modules/@prisma
/client/runtime/library.js:130:9
633)
      at tests/integration/rls-i
solation.test.ts:148:32
      at Proxy._transactionWithC
allback (node_modules/@prisma/cl
ient/runtime/library.js:130:8000
)

  тЧП Postgres RLS Tenant Isolat
ion тА║ Policy SELECT Isolation 
тА║ Tenant A context only sees i
ts own policies

    PrismaClientUnknownRequestEr
ror: 
    Invalid `tx.policy.findMany(
)` invocation in
    C:\Users\Lenovo\.gemini\anti
gravity\scratch\inflect-complian
ce\tests\integration\rls-isolati
on.test.ts:167:50

      164 describe('Policy SELEC
T Isolation', () => {
      165     it('Tenant A conte
xt only sees its own policies', 
async () => {
      166         await withTena
ntDb(tenantAId, async (tx) => {
    тЖТ 167             const po
licies = await tx.policy.findMan
y(
    Error occurred during query 
execution:
    ConnectorError(ConnectorErro
r { user_facing_error: None, kin
d: QueryError(PostgresError { co
de: "42501", message: "permissio
n denied for schema public", sev
erity: "ERROR", detail: None, co
lumn: None, hint: None }), trans
ient: false })

    [0m [90m 165 |[39m       
  it([32m'Tenant A context only
 sees its own policies'[39m[33
m,[39m [36masync[39m () [33m
=>[39m {
     [90m 166 |[39m           
  [36mawait[39m withTenantDb(t
enantAId[33m,[39m [36masync[
39m (tx) [33m=>[39m {
    [31m[1m>[22m[39m[90m 16
7 |[39m                 [36mco
nst[39m policies [33m=[39m [
36mawait[39m tx[33m.[39mpolic
y[33m.[39mfindMany({
     [90m     |[39m           
                       [31m[1m
^[22m[39m
     [90m 168 |[39m           
          where[33m:[39m { tit
le[33m:[39m { contains[33m:[
39m testRunId } }
     [90m 169 |[39m           
      })[33m;[39m
     [90m 170 |[39m[0m

      at $n.handleRequestError (
node_modules/@prisma/client/runt
ime/library.js:121:7505)
      at $n.handleAndLogRequestE
rror (node_modules/@prisma/clien
t/runtime/library.js:121:6623)
      at $n.request (node_module
s/@prisma/client/runtime/library
.js:121:6307)
      at l (node_modules/@prisma
/client/runtime/library.js:130:9
633)
      at tests/integration/rls-i
solation.test.ts:167:34
      at Proxy._transactionWithC
allback (node_modules/@prisma/cl
ient/runtime/library.js:130:8000
)

  тЧП Postgres RLS Tenant Isolat
ion тА║ Policy INSERT Isolation 
тА║ Cannot insert a policy under
 Tenant B while in Tenant A cont
ext

    expect(received).rejects.toT
hrow(expected)

    Expected pattern: /new row v
iolates row-level security polic
y/
    Received message: "
    Invalid `tx.policy.create()`
 invocation in
    C:\\Users\\Lenovo\\.gemini\\
antigravity\\scratch\\inflect-co
mpliance\\tests\\integration\\rl
s-isolation.test.ts:182:37┬╖
      179 it('Cannot insert a po
licy under Tenant B while in Ten
ant A context', async () => {
      180     await expect(
      181         withTenantDb(t
enantAId, async (tx) => {
    тЖТ 182             await tx
.policy.create(
    Error occurred during query 
execution:
    ConnectorError(ConnectorErro
r { user_facing_error: None, kin
d: QueryError(PostgresError { co
de: \"42501\", message: \"permis
sion denied for schema public\",
 severity: \"ERROR\", detail: No
ne, column: None, hint: None }),
 transient: false })"

        [0m [90m 180 |[39m   
          [36mawait[39m expect
(
         [90m 181 |[39m       
          withTenantDb(tenantAId
[33m,[39m [36masync[39m (tx)
 [33m=>[39m {
        [31m[1m>[22m[39m[90
m 182 |[39m                    
 [36mawait[39m tx[33m.[39mpo
licy[33m.[39mcreate({
         [90m     |[39m       
              [31m[1m^[22m[3
9m
         [90m 183 |[39m       
                  data[33m:[39
m {
         [90m 184 |[39m       
                      tenantId[
33m:[39m tenantBId[33m,[39m
         [90m 185 |[39m       
                      title[33m
:[39m [32m'Malicious Policy In
sert'[39m[33m,[39m[0m

      at $n.handleRequestError (
node_modules/@prisma/client/runt
ime/library.js:121:7505)
      at $n.handleAndLogRequestE
rror (node_modules/@prisma/clien
t/runtime/library.js:121:6623)
      at $n.request (node_module
s/@prisma/client/runtime/library
.js:121:6307)
      at l (node_modules/@prisma
/client/runtime/library.js:130:9
633)
      at tests/integration/rls-i
solation.test.ts:182:21
      at Proxy._transactionWithC
allback (node_modules/@prisma/cl
ient/runtime/library.js:130:8000
)
      at Object.toThrow (node_mo
dules/expect/build/index.js:218:
22)
      at Object.<anonymous> (tes
ts/integration/rls-isolation.tes
t.ts:190:23)

  тЧП Postgres RLS Tenant Isolat
ion тА║ Evidence SELECT Isolatio
n тА║ Tenant B context only sees
 its own evidence

    PrismaClientUnknownRequestEr
ror: 
    Invalid `tx.evidence.findMan
y()` invocation in
    C:\Users\Lenovo\.gemini\anti
gravity\scratch\inflect-complian
ce\tests\integration\rls-isolati
on.test.ts:199:52

      196 describe('Evidence SEL
ECT Isolation', () => {
      197     it('Tenant B conte
xt only sees its own evidence', 
async () => {
      198         await withTena
ntDb(tenantBId, async (tx) => {
    тЖТ 199             const ev
idence = await tx.evidence.findM
any(
    Error occurred during query 
execution:
    ConnectorError(ConnectorErro
r { user_facing_error: None, kin
d: QueryError(PostgresError { co
de: "42501", message: "permissio
n denied for schema public", sev
erity: "ERROR", detail: None, co
lumn: None, hint: None }), trans
ient: false })

    [0m [90m 197 |[39m       
  it([32m'Tenant B context only
 sees its own evidence'[39m[33
m,[39m [36masync[39m () [33m
=>[39m {
     [90m 198 |[39m           
  [36mawait[39m withTenantDb(t
enantBId[33m,[39m [36masync[
39m (tx) [33m=>[39m {
    [31m[1m>[22m[39m[90m 19
9 |[39m                 [36mco
nst[39m evidence [33m=[39m [
36mawait[39m tx[33m.[39mevide
nce[33m.[39mfindMany({
     [90m     |[39m           
                       [31m[1m
^[22m[39m
     [90m 200 |[39m           
          where[33m:[39m { tit
le[33m:[39m { contains[33m:[
39m testRunId } }
     [90m 201 |[39m           
      })[33m;[39m
     [90m 202 |[39m[0m

      at $n.handleRequestError (
node_modules/@prisma/client/runt
ime/library.js:121:7505)
      at $n.handleAndLogRequestE
rror (node_modules/@prisma/clien
t/runtime/library.js:121:6623)
      at $n.request (node_module
s/@prisma/client/runtime/library
.js:121:6307)
      at l (node_modules/@prisma
/client/runtime/library.js:130:9
633)
      at tests/integration/rls-i
solation.test.ts:199:34
      at Proxy._transactionWithC
allback (node_modules/@prisma/cl
ient/runtime/library.js:130:8000
)

  тЧП Postgres RLS Tenant Isolat
ion тА║ Control with nullable te
nantId тА║ Tenant A can see both
 global (null tenantId) and its 
own controls

    PrismaClientUnknownRequestEr
ror: 
    Invalid `tx.control.findMany
()` invocation in
    C:\Users\Lenovo\.gemini\anti
gravity\scratch\inflect-complian
ce\tests\integration\rls-isolati
on.test.ts:238:51

      235 
      236 it('Tenant A can see b
oth global (null tenantId) and i
ts own controls', async () => {
      237     await withTenantDb
(tenantAId, async (tx) => {
    тЖТ 238         const contro
ls = await tx.control.findMany(
    Error occurred during query 
execution:
    ConnectorError(ConnectorErro
r { user_facing_error: None, kin
d: QueryError(PostgresError { co
de: "42501", message: "permissio
n denied for schema public", sev
erity: "ERROR", detail: None, co
lumn: None, hint: None }), trans
ient: false })

    [0m [90m 236 |[39m       
  it([32m'Tenant A can see both
 global (null tenantId) and its 
own controls'[39m[33m,[39m [
36masync[39m () [33m=>[39m {
     [90m 237 |[39m           
  [36mawait[39m withTenantDb(t
enantAId[33m,[39m [36masync[
39m (tx) [33m=>[39m {
    [31m[1m>[22m[39m[90m 23
8 |[39m                 [36mco
nst[39m controls [33m=[39m [
36mawait[39m tx[33m.[39mcontr
ol[33m.[39mfindMany({
     [90m     |[39m           
                       [31m[1m
^[22m[39m
     [90m 239 |[39m           
          where[33m:[39m { nam
e[33m:[39m { contains[33m:[3
9m testRunId } }[33m,[39m
     [90m 240 |[39m           
      })[33m;[39m
     [90m 241 |[39m[0m

      at $n.handleRequestError (
node_modules/@prisma/client/runt
ime/library.js:121:7505)
      at $n.handleAndLogRequestE
rror (node_modules/@prisma/clien
t/runtime/library.js:121:6623)
      at $n.request (node_module
s/@prisma/client/runtime/library
.js:121:6307)
      at l (node_modules/@prisma
/client/runtime/library.js:130:9
633)
      at tests/integration/rls-i
solation.test.ts:238:34
      at Proxy._transactionWithC
allback (node_modules/@prisma/cl
ient/runtime/library.js:130:8000
)

  тЧП Postgres RLS Tenant Isolat
ion тА║ Control with nullable te
nantId тА║ Tenant B can see glob
al controls but NOT Tenant A-spe
cific controls

    PrismaClientUnknownRequestEr
ror: 
    Invalid `tx.control.findMany
()` invocation in
    C:\Users\Lenovo\.gemini\anti
gravity\scratch\inflect-complian
ce\tests\integration\rls-isolati
on.test.ts:250:51

      247 
      248 it('Tenant B can see g
lobal controls but NOT Tenant A-
specific controls', async () => 
{
      249     await withTenantDb
(tenantBId, async (tx) => {
    тЖТ 250         const contro
ls = await tx.control.findMany(
    Error occurred during query 
execution:
    ConnectorError(ConnectorErro
r { user_facing_error: None, kin
d: QueryError(PostgresError { co
de: "42501", message: "permissio
n denied for schema public", sev
erity: "ERROR", detail: None, co
lumn: None, hint: None }), trans
ient: false })

    [0m [90m 248 |[39m       
  it([32m'Tenant B can see glob
al controls but NOT Tenant A-spe
cific controls'[39m[33m,[39m 
[36masync[39m () [33m=>[39m 
{
     [90m 249 |[39m           
  [36mawait[39m withTenantDb(t
enantBId[33m,[39m [36masync[
39m (tx) [33m=>[39m {
    [31m[1m>[22m[39m[90m 25
0 |[39m                 [36mco
nst[39m controls [33m=[39m [
36mawait[39m tx[33m.[39mcontr
ol[33m.[39mfindMany({
     [90m     |[39m           
                       [31m[1m
^[22m[39m
     [90m 251 |[39m           
          where[33m:[39m { nam
e[33m:[39m { contains[33m:[3
9m testRunId } }[33m,[39m
     [90m 252 |[39m           
      })[33m;[39m
     [90m 253 |[39m[0m

      at $n.handleRequestError (
node_modules/@prisma/client/runt
ime/library.js:121:7505)
      at $n.handleAndLogRequestE
rror (node_modules/@prisma/clien
t/runtime/library.js:121:6623)
      at $n.request (node_module
s/@prisma/client/runtime/library
.js:121:6307)
      at l (node_modules/@prisma
/client/runtime/library.js:130:9
633)
      at tests/integration/rls-i
solation.test.ts:250:34
      at Proxy._transactionWithC
allback (node_modules/@prisma/cl
ient/runtime/library.js:130:8000
)

  тЧП Postgres RLS Tenant Isolat
ion тА║ No tenant context set тА
║ Querying without app.tenant_id
 returns zero rows from tenant-s
coped tables

    PrismaClientUnknownRequestEr
ror: 
    Invalid `tx.risk.findMany()`
 invocation in
    C:\Users\Lenovo\.gemini\anti
gravity\scratch\inflect-complian
ce\tests\integration\rls-isolati
on.test.ts:269:32

      266 const result = await g
lobalPrisma.$transaction(async (
tx) => {
      267     await tx.$executeR
aw`SET LOCAL ROLE app_user`;
      268     // DO NOT set app.
tenant_id тАФ should return empt
y
    тЖТ 269     return tx.risk.f
indMany(
    Error occurred during query 
execution:
    ConnectorError(ConnectorErro
r { user_facing_error: None, kin
d: QueryError(PostgresError { co
de: "42501", message: "permissio
n denied for schema public", sev
erity: "ERROR", detail: None, co
lumn: None, hint: None }), trans
ient: false })

    [0m [90m 264 |[39m       
  it([32m'Querying without app.
tenant_id returns zero rows from
 tenant-scoped tables'[39m[33m
,[39m [36masync[39m () [33m=
>[39m {
     [90m 265 |[39m           
  [90m// Execute a raw transact
ion as app_user but WITHOUT sett
ing app.tenant_id[39m
    [31m[1m>[22m[39m[90m 26
6 |[39m             [36mconst
[39m result [33m=[39m [36mawa
it[39m globalPrisma[33m.[39m$
transaction([36masync[39m (tx)
 [33m=>[39m {
     [90m     |[39m           
                 [31m[1m^[22m
[39m
     [90m 267 |[39m           
      [36mawait[39m tx[33m.[
39m$executeRaw[32m`SET LOCAL RO
LE app_user`[39m[33m;[39m
     [90m 268 |[39m           
      [90m// DO NOT set app.ten
ant_id тАФ should return empty[
39m
     [90m 269 |[39m           
      [36mreturn[39m tx[33m.
[39mrisk[33m.[39mfindMany({[0
m

      at $n.handleRequestError (
node_modules/@prisma/client/runt
ime/library.js:121:7505)
      at $n.handleAndLogRequestE
rror (node_modules/@prisma/clien
t/runtime/library.js:121:6623)
      at $n.request (node_module
s/@prisma/client/runtime/library
.js:121:6307)
      at l (node_modules/@prisma
/client/runtime/library.js:130:9
633)
      at Proxy._transactionWithC
allback (node_modules/@prisma/cl
ient/runtime/library.js:130:8000
)
      at Object.<anonymous> (tes
ts/integration/rls-isolation.tes
t.ts:266:28)

PASS tests/integration/audit-mid
dleware.test.ts
PASS tests/unit/no-direct-prisma
.test.ts
PASS tests/integration/framework
-coverage.test.ts
PASS tests/unit/authRateLimit.te
st.ts
  тЧП Console

    console.warn
      [RateLimit block] IP excee
ded limit for tier high on /api/
auth/signin

    [0m [90m 179 |[39m
     [90m 180 |[39m         [
36mif[39m ([33m![39mrlResult
[33m.[39mok) {
    [31m[1m>[22m[39m[90m 18
1 |[39m             console[33
m.[39mwarn([32m`[RateLimit blo
ck] IP exceeded limit for tier $
{tier} on ${pathname}`[39m)[33
m;[39m
     [90m     |[39m           
          [31m[1m^[22m[39m
     [90m 182 |[39m           
  rlHeaders[33m.[39m[36mset[
39m([32m'Retry-After'[39m[33m
,[39m rlResult[33m.[39mretryA
fter[33m.[39mtoString())[33m;
[39m
     [90m 183 |[39m
     [90m 184 |[39m           
  [90m// Return appropriate 429
 response structure[39m[0m

      at checkAuthRateLimit (src
/lib/rate-limit/authRateLimit.ts
:181:21)
      at Object.<anonymous> (tes
ts/unit/authRateLimit.test.ts:42
:26)

    console.warn
      [RateLimit block] IP excee
ded limit for tier high on /api/
auth/signin

    [0m [90m 179 |[39m
     [90m 180 |[39m         [
36mif[39m ([33m![39mrlResult
[33m.[39mok) {
    [31m[1m>[22m[39m[90m 18
1 |[39m             console[33
m.[39mwarn([32m`[RateLimit blo
ck] IP exceeded limit for tier $
{tier} on ${pathname}`[39m)[33
m;[39m
     [90m     |[39m           
          [31m[1m^[22m[39m
     [90m 182 |[39m           
  rlHeaders[33m.[39m[36mset[
39m([32m'Retry-After'[39m[33m
,[39m rlResult[33m.[39mretryA
fter[33m.[39mtoString())[33m;
[39m
     [90m 183 |[39m
     [90m 184 |[39m           
  [90m// Return appropriate 429
 response structure[39m[0m

      at checkAuthRateLimit (src
/lib/rate-limit/authRateLimit.ts
:181:21)
      at Object.<anonymous> (tes
ts/unit/authRateLimit.test.ts:62
:13)

    console.warn
      [RateLimit block] IP excee
ded limit for tier high on /api/
auth/signin

    [0m [90m 179 |[39m
     [90m 180 |[39m         [
36mif[39m ([33m![39mrlResult
[33m.[39mok) {
    [31m[1m>[22m[39m[90m 18
1 |[39m             console[33
m.[39mwarn([32m`[RateLimit blo
ck] IP exceeded limit for tier $
{tier} on ${pathname}`[39m)[33
m;[39m
     [90m     |[39m           
          [31m[1m^[22m[39m
     [90m 182 |[39m           
  rlHeaders[33m.[39m[36mset[
39m([32m'Retry-After'[39m[33m
,[39m rlResult[33m.[39mretryA
fter[33m.[39mtoString())[33m;
[39m
     [90m 183 |[39m
     [90m 184 |[39m           
  [90m// Return appropriate 429
 response structure[39m[0m

      at checkAuthRateLimit (src
/lib/rate-limit/authRateLimit.ts
:181:21)
      at Object.<anonymous> (tes
ts/unit/authRateLimit.test.ts:65
:28)

    console.warn
      [RateLimit block] IP excee
ded limit for tier high on /api/
auth/signin

    [0m [90m 179 |[39m
     [90m 180 |[39m         [
36mif[39m ([33m![39mrlResult
[33m.[39mok) {
    [31m[1m>[22m[39m[90m 18
1 |[39m             console[33
m.[39mwarn([32m`[RateLimit blo
ck] IP exceeded limit for tier $
{tier} on ${pathname}`[39m)[33
m;[39m
     [90m     |[39m           
          [31m[1m^[22m[39m
     [90m 182 |[39m           
  rlHeaders[33m.[39m[36mset[
39m([32m'Retry-After'[39m[33m
,[39m rlResult[33m.[39mretryA
fter[33m.[39mtoString())[33m;
[39m
     [90m 183 |[39m
     [90m 184 |[39m           
  [90m// Return appropriate 429
 response structure[39m[0m

      at checkAuthRateLimit (src
/lib/rate-limit/authRateLimit.ts
:181:21)
      at Object.<anonymous> (tes
ts/unit/authRateLimit.test.ts:79
:13)

PASS tests/unit/scope-guardrails
.test.ts
PASS tests/unit/audit-guardrails
.test.ts
PASS tests/unit/validation.test.
ts
PASS tests/unit/scope-deprecatio
n-scan.test.ts
  тЧП Console

    console.log
      
      тХФтХРтХРтХРтХРтХРтХРтХРтХ
РтХРтХРтХРтХРтХРтХРтХРтХРтХРтХРт
ХРтХРтХРтХРтХРтХРтХРтХРтХРтХРтХР
тХРтХРтХРтХРтХРтХРтХРтХРтХРтХРтХ
РтХРтХРтХРтХРтХРтХРтХРтХРтХРтХРт
ХЧ

      at Object.<anonymous> (tes
ts/unit/scope-deprecation-scan.t
est.ts:99:17)

    console.log
      тХС     SCOPE DEPRECATION 
SCAN тАФ REMAINING REFS     тХС

      at Object.<anonymous> (tes
ts/unit/scope-deprecation-scan.t
est.ts:100:17)

    console.log
      тХатХРтХРтХРтХРтХРтХРтХРтХ
РтХРтХРтХРтХРтХРтХРтХРтХРтХРтХРт
ХРтХРтХРтХРтХРтХРтХРтХРтХРтХРтХР
тХРтХРтХРтХРтХРтХРтХРтХРтХРтХРтХ
РтХРтХРтХРтХРтХРтХРтХРтХРтХРтХРт
Хг

      at Object.<anonymous> (tes
ts/unit/scope-deprecation-scan.t
est.ts:101:17)

    console.log
      тХС  ЁЯОЙ No scope referen
ces found! Migration done.  тХС

      at Object.<anonymous> (tes
ts/unit/scope-deprecation-scan.t
est.ts:104:21)

    console.log
      тХатХРтХРтХРтХРтХРтХРтХРтХ
РтХРтХРтХРтХРтХРтХРтХРтХРтХРтХРт
ХРтХРтХРтХРтХРтХРтХРтХРтХРтХРтХР
тХРтХРтХРтХРтХРтХРтХРтХРтХРтХРтХ
РтХРтХРтХРтХРтХРтХРтХРтХРтХРтХРт
Хг

      at Object.<anonymous> (tes
ts/unit/scope-deprecation-scan.t
est.ts:114:17)

    console.log
      тХС  Total:    0 reference
s in  0 categories     тХС

      at Object.<anonymous> (tes
ts/unit/scope-deprecation-scan.t
est.ts:115:17)

    console.log
      тХС  Files scanned:  301  
                        тХС

      at Object.<anonymous> (tes
ts/unit/scope-deprecation-scan.t
est.ts:116:17)

    console.log
      тХЪтХРтХРтХРтХРтХРтХРтХРтХ
РтХРтХРтХРтХРтХРтХРтХРтХРтХРтХРт
ХРтХРтХРтХРтХРтХРтХРтХРтХРтХРтХР
тХРтХРтХРтХРтХРтХРтХРтХРтХРтХРтХ
РтХРтХРтХРтХРтХРтХРтХРтХРтХРтХРт
ХЭ

      at Object.<anonymous> (tes
ts/unit/scope-deprecation-scan.t
est.ts:117:17)

PASS tests/unit/framework-harden
ing.test.ts
PASS tests/integration/evidence-
bundle.test.ts
PASS tests/unit/audit-hardening.
test.ts
PASS tests/unit/audit-readiness.
test.ts
PASS tests/unit/refresh.test.ts
  тЧП Console

    console.log
      [auth:refresh] Refreshing 
Google access token

      at refreshGoogleToken (src
/lib/auth/refresh.ts:33:13)

    console.log
      [auth:refresh] Refreshing 
Google access token

      at refreshGoogleToken (src
/lib/auth/refresh.ts:33:13)

    console.log
      [auth:refresh] Refreshing 
Google access token

      at refreshGoogleToken (src
/lib/auth/refresh.ts:33:13)

    console.error
      [auth:refresh] Google toke
n refresh failed: 401

    [0m [90m 46 |[39m     [3
6mif[39m ([33m![39mresponse[
33m.[39mok) {
     [90m 47 |[39m         [3
6mconst[39m errorText [33m=[3
9m [36mawait[39m response[33m
.[39mtext()[33m;[39m
    [31m[1m>[22m[39m[90m 48
 |[39m         console[33m.[3
9merror([32m'[auth:refresh] Goo
gle token refresh failed:'[39m
[33m,[39m response[33m.[39mst
atus)[33m;[39m
     [90m    |[39m            
     [31m[1m^[22m[39m
     [90m 49 |[39m         [3
6mthrow[39m [36mnew[39m [33m
Error[39m([32m`Google token re
fresh failed: ${response.status}
`[39m)[33m;[39m
     [90m 50 |[39m     }
     [90m 51 |[39m[0m

      at refreshGoogleToken (src
/lib/auth/refresh.ts:48:17)
      at Object.<anonymous> (tes
ts/unit/refresh.test.ts:87:9)

    console.log
      [auth:refresh] Refreshing 
Microsoft access token

      at refreshMicrosoftToken (
src/lib/auth/refresh.ts:73:13)

    console.log
      [auth:refresh] Refreshing 
Microsoft access token

      at refreshMicrosoftToken (
src/lib/auth/refresh.ts:73:13)

    console.log
      [auth:refresh] Refreshing 
Microsoft access token

      at refreshMicrosoftToken (
src/lib/auth/refresh.ts:73:13)

    console.error
      [auth:refresh] Microsoft t
oken refresh failed: 400

    [0m [90m 90 |[39m     [3
6mif[39m ([33m![39mresponse[
33m.[39mok) {
     [90m 91 |[39m         [3
6mconst[39m errorText [33m=[3
9m [36mawait[39m response[33m
.[39mtext()[33m;[39m
    [31m[1m>[22m[39m[90m 92
 |[39m         console[33m.[3
9merror([32m'[auth:refresh] Mic
rosoft token refresh failed:'[3
9m[33m,[39m response[33m.[39
mstatus)[33m;[39m
     [90m    |[39m            
     [31m[1m^[22m[39m
     [90m 93 |[39m         [3
6mthrow[39m [36mnew[39m [33m
Error[39m([32m`Microsoft token
 refresh failed: ${response.stat
us}`[39m)[33m;[39m
     [90m 94 |[39m     }
     [90m 95 |[39m[0m

      at refreshMicrosoftToken (
src/lib/auth/refresh.ts:92:17)
      at Object.<anonymous> (tes
ts/unit/refresh.test.ts:136:9)

    console.log
      [auth:refresh] Refreshing 
Google access token

      at refreshGoogleToken (src
/lib/auth/refresh.ts:33:13)

    console.log
      [auth:refresh] Refreshing 
Microsoft access token

      at refreshMicrosoftToken (
src/lib/auth/refresh.ts:73:13)

PASS tests/unit/rbac.test.ts
PASS tests/unit/framework-templa
tes.test.ts
PASS tests/integration/vendor-en
hancements.test.ts
PASS tests/unit/policies.test.ts
PASS tests/integration/auth-rate
limit.test.ts
  тЧП Console

    console.warn
      [RateLimit block] IP excee
ded limit for tier high on /api/
auth/signin

    [0m [90m 179 |[39m
     [90m 180 |[39m         [
36mif[39m ([33m![39mrlResult
[33m.[39mok) {
    [31m[1m>[22m[39m[90m 18
1 |[39m             console[33
m.[39mwarn([32m`[RateLimit blo
ck] IP exceeded limit for tier $
{tier} on ${pathname}`[39m)[33
m;[39m
     [90m     |[39m           
          [31m[1m^[22m[39m
     [90m 182 |[39m           
  rlHeaders[33m.[39m[36mset[
39m([32m'Retry-After'[39m[33m
,[39m rlResult[33m.[39mretryA
fter[33m.[39mtoString())[33m;
[39m
     [90m 183 |[39m
     [90m 184 |[39m           
  [90m// Return appropriate 429
 response structure[39m[0m

      at checkAuthRateLimit (src
/lib/rate-limit/authRateLimit.ts
:181:21)
      at src/middleware.ts:35:26
      at middleware (src/middlew
are.ts:110:17)
      at Object.<anonymous> (tes
ts/integration/auth-ratelimit.te
st.ts:47:23)

    console.warn
      [RateLimit block] IP excee
ded limit for tier high on /api/
auth/callback/google

    [0m [90m 179 |[39m
     [90m 180 |[39m         [
36mif[39m ([33m![39mrlResult
[33m.[39mok) {
    [31m[1m>[22m[39m[90m 18
1 |[39m             console[33
m.[39mwarn([32m`[RateLimit blo
ck] IP exceeded limit for tier $
{tier} on ${pathname}`[39m)[33
m;[39m
     [90m     |[39m           
          [31m[1m^[22m[39m
     [90m 182 |[39m           
  rlHeaders[33m.[39m[36mset[
39m([32m'Retry-After'[39m[33m
,[39m rlResult[33m.[39mretryA
fter[33m.[39mtoString())[33m;
[39m
     [90m 183 |[39m
     [90m 184 |[39m           
  [90m// Return appropriate 429
 response structure[39m[0m

      at checkAuthRateLimit (src
/lib/rate-limit/authRateLimit.ts
:181:21)
      at src/middleware.ts:35:26
      at middleware (src/middlew
are.ts:110:17)
      at Object.<anonymous> (tes
ts/integration/auth-ratelimit.te
st.ts:75:13)

    console.warn
      [RateLimit block] IP excee
ded limit for tier high on /api/
auth/callback/google

    [0m [90m 179 |[39m
     [90m 180 |[39m         [
36mif[39m ([33m![39mrlResult
[33m.[39mok) {
    [31m[1m>[22m[39m[90m 18
1 |[39m             console[33
m.[39mwarn([32m`[RateLimit blo
ck] IP exceeded limit for tier $
{tier} on ${pathname}`[39m)[33
m;[39m
     [90m     |[39m           
          [31m[1m^[22m[39m
     [90m 182 |[39m           
  rlHeaders[33m.[39m[36mset[
39m([32m'Retry-After'[39m[33m
,[39m rlResult[33m.[39mretryA
fter[33m.[39mtoString())[33m;
[39m
     [90m 183 |[39m
     [90m 184 |[39m           
  [90m// Return appropriate 429
 response structure[39m[0m

      at checkAuthRateLimit (src
/lib/rate-limit/authRateLimit.ts
:181:21)
      at src/middleware.ts:35:26
      at middleware (src/middlew
are.ts:110:17)
      at Object.<anonymous> (tes
ts/integration/auth-ratelimit.te
st.ts:79:22)

PASS tests/unit/readiness-scorin
g.test.ts
PASS tests/integration/auth-rout
es.test.ts
  тЧП Console

    console.warn
      [test:integration] Server 
at http://localhost:3000 not rea
chable тАФ auth route tests will
 be skipped

    [0m [90m 30 |[39m        
 }
     [90m 31 |[39m         [3
6mif[39m ([33m![39mserverAvai
lable) {
    [31m[1m>[22m[39m[90m 32
 |[39m             console[33m
.[39mwarn([32m`[test:integrati
on] Server at ${BASE_URL} not re
achable тАФ auth route tests wil
l be skipped`[39m)[33m;[39m
     [90m    |[39m            
         [31m[1m^[22m[39m
     [90m 33 |[39m         }
     [90m 34 |[39m     }[33m,
[39m [35m30000[39m)[33m;[39
m
     [90m 35 |[39m[0m

      at Object.<anonymous> (tes
ts/integration/auth-routes.test.
ts:32:21)

    console.log
      [skipped] returns a respon
se (200 or valid JSON) тАФ serve
r not available

      at Object.<anonymous> (tes
ts/integration/auth-routes.test.
ts:40:25)

    console.log
      [skipped] does NOT expose 
access_token in session response
 тАФ server not available

      at Object.<anonymous> (tes
ts/integration/auth-routes.test.
ts:40:25)

    console.log
      [skipped] does NOT expose 
refresh_token in session respons
e тАФ server not available

      at Object.<anonymous> (tes
ts/integration/auth-routes.test.
ts:40:25)

    console.log
      [skipped] returns a CSRF t
oken тАФ server not available

      at Object.<anonymous> (tes
ts/integration/auth-routes.test.
ts:40:25)

    console.log
      [skipped] returns differen
t CSRF tokens for different sess
ions тАФ server not available

      at Object.<anonymous> (tes
ts/integration/auth-routes.test.
ts:40:25)

    console.log
      [skipped] returns configur
ed providers тАФ server not avai
lable

      at Object.<anonymous> (tes
ts/integration/auth-routes.test.
ts:40:25)

    console.log
      [skipped] includes credent
ials provider in test mode тАФ s
erver not available

      at Object.<anonymous> (tes
ts/integration/auth-routes.test.
ts:40:25)

    console.log
      [skipped] session response
 as object contains no token fie
lds тАФ server not available

      at Object.<anonymous> (tes
ts/integration/auth-routes.test.
ts:40:25)

PASS tests/unit/storage.test.ts
PASS tests/unit/cors.test.ts
PASS tests/integration/vendor-ma
nagement.test.ts
PASS tests/unit/policy-center.te
st.ts
PASS tests/integration/vendor-au
dit.test.ts
PASS tests/integration/api-error
s.test.ts
PASS tests/unit/guard.test.ts
PASS tests/unit/policy-routes-gu
ardrail.test.ts
PASS tests/unit/audit-redact.tes
t.ts
PASS tests/unit/vendor-enrichmen
t-renewals.test.ts
PASS tests/unit/security-headers
.test.ts
PASS tests/unit/control-applicab
ility.test.ts
PASS tests/unit/risk.policies.te
st.ts
PASS tests/unit/policyReview.tes
t.ts
PASS tests/unit/issue-policies.t
est.ts
PASS tests/integration/issue-bul
k.test.ts
PASS tests/unit/tenant-context.t
est.ts
PASS tests/integration/tenant-is
olation.test.ts
PASS tests/unit/vendor-policies.
test.ts
PASS tests/unit/issue-routes-str
uctural.test.ts
PASS tests/unit/sla.test.ts
PASS tests/unit/vendor-schemas.t
est.ts
PASS tests/unit/audit-middleware
.test.ts
PASS tests/unit/errors.test.ts
PASS tests/unit/no-prisma-in-rou
tes.test.ts
PASS tests/unit/vendor-scoring.t
est.ts
PASS tests/unit/golden-path.test
.ts
PASS tests/unit/risk.usecases.te
st.ts
PASS src/app-layer/utils/__tests
__/cadence.test.ts
PASS tests/unit/env.test.ts (10.
168 s)

Summary of all failing tests
FAIL tests/unit/bulk-schemas.tes
t.ts
  тЧП Bulk Schemas тА║ BulkAssig
nSchema тА║ validates valid assi
gn payload

    expect(received).toBe(expect
ed) // Object.is equality

    Expected: true
    Received: false

    [0m [90m  5 |[39m        
 it([32m'validates valid assign
 payload'[39m[33m,[39m () [3
3m=>[39m {
     [90m  6 |[39m            
 [36mconst[39m result [33m=[
39m [33mBulkAssignSchema[39m[
33m.[39msafeParse({ issueIds[3
3m:[39m [[32m'id1'[39m[33m,
[39m [32m'id2'[39m][33m,[39m
 assigneeUserId[33m:[39m [32m
'user1'[39m })[33m;[39m
    [31m[1m>[22m[39m[90m  7
 |[39m             expect(resul
t[33m.[39msuccess)[33m.[39mt
oBe([36mtrue[39m)[33m;[39m
     [90m    |[39m            
                        [31m[1
m^[22m[39m
     [90m  8 |[39m         })
[33m;[39m
     [90m  9 |[39m
     [90m 10 |[39m         it(
[32m'allows null assigneeUserId
 for unassign'[39m[33m,[39m (
) [33m=>[39m {[0m

      at Object.<anonymous> (tes
ts/unit/bulk-schemas.test.ts:7:3
6)

  тЧП Bulk Schemas тА║ BulkAssig
nSchema тА║ allows null assignee
UserId for unassign

    expect(received).toBe(expect
ed) // Object.is equality

    Expected: true
    Received: false

    [0m [90m 10 |[39m        
 it([32m'allows null assigneeUs
erId for unassign'[39m[33m,[3
9m () [33m=>[39m {
     [90m 11 |[39m            
 [36mconst[39m result [33m=[
39m [33mBulkAssignSchema[39m[
33m.[39msafeParse({ issueIds[3
3m:[39m [[32m'id1'[39m][33m,
[39m assigneeUserId[33m:[39m 
[36mnull[39m })[33m;[39m
    [31m[1m>[22m[39m[90m 12
 |[39m             expect(resul
t[33m.[39msuccess)[33m.[39mt
oBe([36mtrue[39m)[33m;[39m
     [90m    |[39m            
                        [31m[1
m^[22m[39m
     [90m 13 |[39m         })
[33m;[39m
     [90m 14 |[39m
     [90m 15 |[39m         it(
[32m'rejects empty issueIds'[3
9m[33m,[39m () [33m=>[39m {
[0m

      at Object.<anonymous> (tes
ts/unit/bulk-schemas.test.ts:12:
36)

  тЧП Bulk Schemas тА║ BulkAssig
nSchema тА║ strips unknown field
s

    ZodError: [
      {
        "code": "invalid_type",
        "expected": "array",
        "received": "undefined",
        "path": [
          "taskIds"
        ],
        "message": "Required"
      }
    ]

    [0m [90m 25 |[39m
     [90m 26 |[39m         it(
[32m'strips unknown fields'[39
m[33m,[39m () [33m=>[39m {
    [31m[1m>[22m[39m[90m 27
 |[39m             [36mconst[
39m result [33m=[39m [33mBulk
AssignSchema[39m[33m.[39mpars
e({ issueIds[33m:[39m [[32m'i
d1'[39m][33m,[39m assigneeUse
rId[33m:[39m [36mnull[39m[3
3m,[39m extra[33m:[39m [32m'
field'[39m })[33m;[39m
     [90m    |[39m            
                                
 [31m[1m^[22m[39m
     [90m 28 |[39m            
 expect(result)[33m.[39mnot[3
3m.[39mtoHaveProperty([32m'ext
ra'[39m)[33m;[39m
     [90m 29 |[39m         })
[33m;[39m
     [90m 30 |[39m     })[33m
;[39m[0m

      at Object.get error [as er
ror] (node_modules/zod/v3/types.
cjs:45:31)
      at ZodObject.parse (node_m
odules/zod/v3/types.cjs:120:22)
      at Object.<anonymous> (tes
ts/unit/bulk-schemas.test.ts:27:
45)

  тЧП Bulk Schemas тА║ BulkStatu
sSchema тА║ validates valid stat
us payload

    expect(received).toBe(expect
ed) // Object.is equality

    Expected: true
    Received: false

    [0m [90m 33 |[39m        
 it([32m'validates valid status
 payload'[39m[33m,[39m () [3
3m=>[39m {
     [90m 34 |[39m            
 [36mconst[39m result [33m=[
39m [33mBulkStatusSchema[39m[
33m.[39msafeParse({ issueIds[3
3m:[39m [[32m'id1'[39m][33m,
[39m status[33m:[39m [32m'RE
SOLVED'[39m })[33m;[39m
    [31m[1m>[22m[39m[90m 35
 |[39m             expect(resul
t[33m.[39msuccess)[33m.[39mt
oBe([36mtrue[39m)[33m;[39m
     [90m    |[39m            
                        [31m[1
m^[22m[39m
     [90m 36 |[39m         })
[33m;[39m
     [90m 37 |[39m
     [90m 38 |[39m         it(
[32m'accepts optional resolutio
n'[39m[33m,[39m () [33m=>[3
9m {[0m

      at Object.<anonymous> (tes
ts/unit/bulk-schemas.test.ts:35:
36)

  тЧП Bulk Schemas тА║ BulkStatu
sSchema тА║ accepts optional res
olution

    expect(received).toBe(expect
ed) // Object.is equality

    Expected: true
    Received: false

    [0m [90m 38 |[39m        
 it([32m'accepts optional resol
ution'[39m[33m,[39m () [33m=
>[39m {
     [90m 39 |[39m            
 [36mconst[39m result [33m=[
39m [33mBulkStatusSchema[39m[
33m.[39msafeParse({ issueIds[3
3m:[39m [[32m'id1'[39m][33m,
[39m status[33m:[39m [32m'RE
SOLVED'[39m[33m,[39m resoluti
on[33m:[39m [32m'Fixed'[39m 
})[33m;[39m
    [31m[1m>[22m[39m[90m 40
 |[39m             expect(resul
t[33m.[39msuccess)[33m.[39mt
oBe([36mtrue[39m)[33m;[39m
     [90m    |[39m            
                        [31m[1
m^[22m[39m
     [90m 41 |[39m         })
[33m;[39m
     [90m 42 |[39m
     [90m 43 |[39m         it(
[32m'rejects invalid status'[3
9m[33m,[39m () [33m=>[39m {
[0m

      at Object.<anonymous> (tes
ts/unit/bulk-schemas.test.ts:40:
36)

  тЧП Bulk Schemas тА║ BulkDueDa
teSchema тА║ validates valid due
 date payload

    expect(received).toBe(expect
ed) // Object.is equality

    Expected: true
    Received: false

    [0m [90m 55 |[39m        
 it([32m'validates valid due da
te payload'[39m[33m,[39m () 
[33m=>[39m {
     [90m 56 |[39m            
 [36mconst[39m result [33m=[
39m [33mBulkDueDateSchema[39m
[33m.[39msafeParse({ issueIds[
33m:[39m [[32m'id1'[39m][33m
,[39m dueAt[33m:[39m [32m'20
25-12-31'[39m })[33m;[39m
    [31m[1m>[22m[39m[90m 57
 |[39m             expect(resul
t[33m.[39msuccess)[33m.[39mt
oBe([36mtrue[39m)[33m;[39m
     [90m    |[39m            
                        [31m[1
m^[22m[39m
     [90m 58 |[39m         })
[33m;[39m
     [90m 59 |[39m
     [90m 60 |[39m         it(
[32m'allows null dueAt to clear
 due date'[39m[33m,[39m () [
33m=>[39m {[0m

      at Object.<anonymous> (tes
ts/unit/bulk-schemas.test.ts:57:
36)

  тЧП Bulk Schemas тА║ BulkDueDa
teSchema тА║ allows null dueAt t
o clear due date

    expect(received).toBe(expect
ed) // Object.is equality

    Expected: true
    Received: false

    [0m [90m 60 |[39m        
 it([32m'allows null dueAt to c
lear due date'[39m[33m,[39m (
) [33m=>[39m {
     [90m 61 |[39m            
 [36mconst[39m result [33m=[
39m [33mBulkDueDateSchema[39m
[33m.[39msafeParse({ issueIds[
33m:[39m [[32m'id1'[39m][33m
,[39m dueAt[33m:[39m [36mnul
l[39m })[33m;[39m
    [31m[1m>[22m[39m[90m 62
 |[39m             expect(resul
t[33m.[39msuccess)[33m.[39mt
oBe([36mtrue[39m)[33m;[39m
     [90m    |[39m            
                        [31m[1
m^[22m[39m
     [90m 63 |[39m         })
[33m;[39m
     [90m 64 |[39m
     [90m 65 |[39m         it(
[32m'rejects empty issueIds'[3
9m[33m,[39m () [33m=>[39m {
[0m

      at Object.<anonymous> (tes
ts/unit/bulk-schemas.test.ts:62:
36)

FAIL tests/unit/no-fallbacks.tes
t.ts
  тЧП Static Analysis: No proces
s.env fallbacks тА║ should not c
ontain forbidden process.env or 
secret fallback patterns in src

    expect(received).toBe(expect
ed) // Object.is equality

    Expected: false
    Received: true

    [0m [90m 45 |[39m        
 }
     [90m 46 |[39m
    [31m[1m>[22m[39m[90m 47
 |[39m         expect(foundErro
rs)[33m.[39mtoBe([36mfalse[3
9m)[33m;[39m
     [90m    |[39m            
                 [31m[1m^[22m
[39m
     [90m 48 |[39m     })[33m
;[39m
     [90m 49 |[39m })[33m;[3
9m
     [90m 50 |[39m[0m

      at Object.<anonymous> (tes
ts/unit/no-fallbacks.test.ts:47:
29)

FAIL tests/unit/issue-schemas.te
st.ts
  тЧП Issue Schemas тА║ CreateIs
sueSchema тА║ requires type

    expect(received).toBe(expect
ed) // Object.is equality

    Expected: false
    Received: true

    [0m [90m 30 |[39m        
 it([32m'requires type'[39m[3
3m,[39m () [33m=>[39m {
     [90m 31 |[39m            
 [36mconst[39m result [33m=[
39m [33mCreateIssueSchema[39m
[33m.[39msafeParse({ title[33m
:[39m [32m'Test'[39m })[33m;
[39m
    [31m[1m>[22m[39m[90m 32
 |[39m             expect(resul
t[33m.[39msuccess)[33m.[39mt
oBe([36mfalse[39m)[33m;[39m
     [90m    |[39m            
                        [31m[1
m^[22m[39m
     [90m 33 |[39m         })
[33m;[39m
     [90m 34 |[39m
     [90m 35 |[39m         it(
[32m'rejects invalid type'[39m
[33m,[39m () [33m=>[39m {[0
m

      at Object.<anonymous> (tes
ts/unit/issue-schemas.test.ts:32
:36)

FAIL tests/unit/audit-issue-sche
mas.test.ts
  тЧП Audit Issue Schemas тА║ Cr
eateIssueSchema audit fields тА║
 accepts findingSource for AUDIT
_FINDING

    expect(received).toBe(expect
ed) // Object.is equality

    Expected: "EXTERNAL_AUDITOR"
    Received: undefined

    [0m [90m  9 |[39m        
     })[33m;[39m
     [90m 10 |[39m            
 expect(result[33m.[39msuccess
)[33m.[39mtoBe([36mtrue[39m)
[33m;[39m
    [31m[1m>[22m[39m[90m 11
 |[39m             [36mif[39m
 (result[33m.[39msuccess) expe
ct(result[33m.[39mdata[33m.[
39mfindingSource)[33m.[39mtoBe
([32m'EXTERNAL_AUDITOR'[39m)[
33m;[39m
     [90m    |[39m            
                                
                       [31m[1m
^[22m[39m
     [90m 12 |[39m         })
[33m;[39m
     [90m 13 |[39m
     [90m 14 |[39m         it(
[32m'accepts controlGapType for
 CONTROL_GAP'[39m[33m,[39m ()
 [33m=>[39m {[0m

      at Object.<anonymous> (tes
ts/unit/audit-issue-schemas.test
.ts:11:67)

  тЧП Audit Issue Schemas тА║ Cr
eateIssueSchema audit fields тА║
 accepts controlGapType for CONT
ROL_GAP

    expect(received).toBe(expect
ed) // Object.is equality

    Expected: "DESIGN"
    Received: undefined

    [0m [90m 18 |[39m        
     })[33m;[39m
     [90m 19 |[39m            
 expect(result[33m.[39msuccess
)[33m.[39mtoBe([36mtrue[39m)
[33m;[39m
    [31m[1m>[22m[39m[90m 20
 |[39m             [36mif[39m
 (result[33m.[39msuccess) expe
ct(result[33m.[39mdata[33m.[
39mcontrolGapType)[33m.[39mtoB
e([32m'DESIGN'[39m)[33m;[39m
     [90m    |[39m            
                                
                        [31m[1
m^[22m[39m
     [90m 21 |[39m         })
[33m;[39m
     [90m 22 |[39m
     [90m 23 |[39m         it(
[32m'accepts remediation fields
'[39m[33m,[39m () [33m=>[39
m {[0m

      at Object.<anonymous> (tes
ts/unit/audit-issue-schemas.test
.ts:20:68)

  тЧП Audit Issue Schemas тА║ Cr
eateIssueSchema audit fields тА║
 accepts remediation fields

    expect(received).toBe(expect
ed) // Object.is equality

    Expected: "Fix all the thing
s"
    Received: undefined

    [0m [90m 30 |[39m        
     expect(result[33m.[39msuc
cess)[33m.[39mtoBe([36mtrue[
39m)[33m;[39m
     [90m 31 |[39m            
 [36mif[39m (result[33m.[39m
success) {
    [31m[1m>[22m[39m[90m 32
 |[39m                 expect(r
esult[33m.[39mdata[33m.[39mr
emediationPlan)[33m.[39mtoBe(
[32m'Fix all the things'[39m)[
33m;[39m
     [90m    |[39m            
                                
         [31m[1m^[22m[39m
     [90m 33 |[39m            
     expect(result[33m.[39mdat
a[33m.[39mremediationOwnerUser
Id)[33m.[39mtoBe([32m'user-12
3'[39m)[33m;[39m
     [90m 34 |[39m            
     expect(result[33m.[39mdat
a[33m.[39mremediationDueAt)[3
3m.[39mtoBe([32m'2025-06-01'[
39m)[33m;[39m
     [90m 35 |[39m            
 }[0m

      at Object.<anonymous> (tes
ts/unit/audit-issue-schemas.test
.ts:32:53)

  тЧП Audit Issue Schemas тА║ Cr
eateIssueSchema audit fields тА║
 rejects invalid findingSource

    expect(received).toBe(expect
ed) // Object.is equality

    Expected: false
    Received: true

    [0m [90m 41 |[39m        
         findingSource[33m:[39
m [32m'INVALID_SOURCE'[39m[33
m,[39m
     [90m 42 |[39m            
 })[33m;[39m
    [31m[1m>[22m[39m[90m 43
 |[39m             expect(resul
t[33m.[39msuccess)[33m.[39mt
oBe([36mfalse[39m)[33m;[39m
     [90m    |[39m            
                        [31m[1
m^[22m[39m
     [90m 44 |[39m         })
[33m;[39m
     [90m 45 |[39m
     [90m 46 |[39m         it(
[32m'rejects invalid controlGap
Type'[39m[33m,[39m () [33m=>
[39m {[0m

      at Object.<anonymous> (tes
ts/unit/audit-issue-schemas.test
.ts:43:36)

  тЧП Audit Issue Schemas тА║ Cr
eateIssueSchema audit fields тА║
 rejects invalid controlGapType

    expect(received).toBe(expect
ed) // Object.is equality

    Expected: false
    Received: true

    [0m [90m 49 |[39m        
         controlGapType[33m:[3
9m [32m'INVALID_GAP'[39m[33m,
[39m
     [90m 50 |[39m            
 })[33m;[39m
    [31m[1m>[22m[39m[90m 51
 |[39m             expect(resul
t[33m.[39msuccess)[33m.[39mt
oBe([36mfalse[39m)[33m;[39m
     [90m    |[39m            
                        [31m[1
m^[22m[39m
     [90m 52 |[39m         })
[33m;[39m
     [90m 53 |[39m
     [90m 54 |[39m         it(
[32m'strips unknown audit field
s'[39m[33m,[39m () [33m=>[3
9m {[0m

      at Object.<anonymous> (tes
ts/unit/audit-issue-schemas.test
.ts:51:36)

  тЧП Audit Issue Schemas тА║ Se
tIssueStatusSchema new statuses 
тА║ accepts REMEDIATION_IN_PROGR
ESS

    expect(received).toBe(expect
ed) // Object.is equality

    Expected: true
    Received: false

    [0m [90m 81 |[39m        
 it([32m'accepts REMEDIATION_IN
_PROGRESS'[39m[33m,[39m () [
33m=>[39m {
     [90m 82 |[39m            
 [36mconst[39m result [33m=[
39m [33mSetIssueStatusSchema[3
9m[33m.[39msafeParse({ status
[33m:[39m [32m'REMEDIATION_IN_
PROGRESS'[39m })[33m;[39m
    [31m[1m>[22m[39m[90m 83
 |[39m             expect(resul
t[33m.[39msuccess)[33m.[39mt
oBe([36mtrue[39m)[33m;[39m
     [90m    |[39m            
                        [31m[1
m^[22m[39m
     [90m 84 |[39m         })
[33m;[39m
     [90m 85 |[39m
     [90m 86 |[39m         it(
[32m'accepts READY_FOR_RETEST'
[39m[33m,[39m () [33m=>[39m 
{[0m

      at Object.<anonymous> (tes
ts/unit/audit-issue-schemas.test
.ts:83:36)

  тЧП Audit Issue Schemas тА║ Se
tIssueStatusSchema new statuses 
тА║ accepts READY_FOR_RETEST

    expect(received).toBe(expect
ed) // Object.is equality

    Expected: true
    Received: false

    [0m [90m 86 |[39m        
 it([32m'accepts READY_FOR_RETE
ST'[39m[33m,[39m () [33m=>[
39m {
     [90m 87 |[39m            
 [36mconst[39m result [33m=[
39m [33mSetIssueStatusSchema[3
9m[33m.[39msafeParse({ status
[33m:[39m [32m'READY_FOR_RETES
T'[39m })[33m;[39m
    [31m[1m>[22m[39m[90m 88
 |[39m             expect(resul
t[33m.[39msuccess)[33m.[39mt
oBe([36mtrue[39m)[33m;[39m
     [90m    |[39m            
                        [31m[1
m^[22m[39m
     [90m 89 |[39m         })
[33m;[39m
     [90m 90 |[39m
     [90m 91 |[39m         it(
[32m'still accepts old statuses
'[39m[33m,[39m () [33m=>[39
m {[0m

      at Object.<anonymous> (tes
ts/unit/audit-issue-schemas.test
.ts:88:36)

FAIL tests/integration/rls-isola
tion.test.ts
  тЧП Postgres RLS Tenant Isolat
ion тА║ Risk SELECT Isolation тА
║ Tenant A context cannot see Te
nant B risks even without WHERE 
filter

    PrismaClientUnknownRequestEr
ror: 
    Invalid `tx.risk.findMany()`
 invocation in
    C:\Users\Lenovo\.gemini\anti
gravity\scratch\inflect-complian
ce\tests\integration\rls-isolati
on.test.ts:116:45

      113 describe('Risk SELECT 
Isolation', () => {
      114     it('Tenant A conte
xt cannot see Tenant B risks eve
n without WHERE filter', async (
) => {
      115         await withTena
ntDb(tenantAId, async (tx) => {
    тЖТ 116             const ri
sks = await tx.risk.findMany(
    Error occurred during query 
execution:
    ConnectorError(ConnectorErro
r { user_facing_error: None, kin
d: QueryError(PostgresError { co
de: "42501", message: "permissio
n denied for schema public", sev
erity: "ERROR", detail: None, co
lumn: None, hint: None }), trans
ient: false })

    [0m [90m 114 |[39m       
  it([32m'Tenant A context cann
ot see Tenant B risks even witho
ut WHERE filter'[39m[33m,[39m
 [36masync[39m () [33m=>[39m
 {
     [90m 115 |[39m           
  [36mawait[39m withTenantDb(t
enantAId[33m,[39m [36masync[
39m (tx) [33m=>[39m {
    [31m[1m>[22m[39m[90m 11
6 |[39m                 [36mco
nst[39m risks [33m=[39m [36m
await[39m tx[33m.[39mrisk[33
m.[39mfindMany({
     [90m     |[39m           
                    [31m[1m^[
22m[39m
     [90m 117 |[39m           
          where[33m:[39m { tit
le[33m:[39m { contains[33m:[
39m testRunId } }
     [90m 118 |[39m           
      })[33m;[39m
     [90m 119 |[39m[0m

      at $n.handleRequestError (
node_modules/@prisma/client/runt
ime/library.js:121:7505)
      at $n.handleAndLogRequestE
rror (node_modules/@prisma/clien
t/runtime/library.js:121:6623)
      at $n.request (node_module
s/@prisma/client/runtime/library
.js:121:6307)
      at l (node_modules/@prisma
/client/runtime/library.js:130:9
633)
      at tests/integration/rls-i
solation.test.ts:116:31
      at Proxy._transactionWithC
allback (node_modules/@prisma/cl
ient/runtime/library.js:130:8000
)

  тЧП Postgres RLS Tenant Isolat
ion тА║ Risk INSERT Isolation тА
║ Cannot insert a risk belonging
 to Tenant B while in Tenant A c
ontext

    expect(received).rejects.toT
hrow(expected)

    Expected pattern: /new row v
iolates row-level security polic
y/
    Received message: "
    Invalid `tx.risk.create()` i
nvocation in
    C:\\Users\\Lenovo\\.gemini\\
antigravity\\scratch\\inflect-co
mpliance\\tests\\integration\\rl
s-isolation.test.ts:132:35┬╖
      129 it('Cannot insert a ri
sk belonging to Tenant B while i
n Tenant A context', async () =>
 {
      130     await expect(
      131         withTenantDb(t
enantAId, async (tx) => {
    тЖТ 132             await tx
.risk.create(
    Error occurred during query 
execution:
    ConnectorError(ConnectorErro
r { user_facing_error: None, kin
d: QueryError(PostgresError { co
de: \"42501\", message: \"permis
sion denied for schema public\",
 severity: \"ERROR\", detail: No
ne, column: None, hint: None }),
 transient: false })"

        [0m [90m 130 |[39m   
          [36mawait[39m expect
(
         [90m 131 |[39m       
          withTenantDb(tenantAId
[33m,[39m [36masync[39m (tx)
 [33m=>[39m {
        [31m[1m>[22m[39m[90
m 132 |[39m                    
 [36mawait[39m tx[33m.[39mri
sk[33m.[39mcreate({
         [90m     |[39m       
              [31m[1m^[22m[3
9m
         [90m 133 |[39m       
                  data[33m:[39
m {
         [90m 134 |[39m       
                      tenantId[
33m:[39m tenantBId[33m,[39m
         [90m 135 |[39m       
                      title[33m
:[39m [32m'Malicious Risk Inse
rt'[39m[33m,[39m[0m

      at $n.handleRequestError (
node_modules/@prisma/client/runt
ime/library.js:121:7505)
      at $n.handleAndLogRequestE
rror (node_modules/@prisma/clien
t/runtime/library.js:121:6623)
      at $n.request (node_module
s/@prisma/client/runtime/library
.js:121:6307)
      at l (node_modules/@prisma
/client/runtime/library.js:130:9
633)
      at tests/integration/rls-i
solation.test.ts:132:21
      at Proxy._transactionWithC
allback (node_modules/@prisma/cl
ient/runtime/library.js:130:8000
)
      at Object.toThrow (node_mo
dules/expect/build/index.js:218:
22)
      at Object.<anonymous> (tes
ts/integration/rls-isolation.tes
t.ts:141:23)

  тЧП Postgres RLS Tenant Isolat
ion тА║ Risk DELETE Isolation тА
║ Cannot delete Tenant B risks f
rom Tenant A context

    PrismaClientUnknownRequestEr
ror: 
    Invalid `tx.risk.deleteMany(
)` invocation in
    C:\Users\Lenovo\.gemini\anti
gravity\scratch\inflect-complian
ce\tests\integration\rls-isolati
on.test.ts:148:46

      145 describe('Risk DELETE 
Isolation', () => {
      146     it('Cannot delete 
Tenant B risks from Tenant A con
text', async () => {
      147         await withTena
ntDb(tenantAId, async (tx) => {
    тЖТ 148             const re
sult = await tx.risk.deleteMany(
    Error occurred during query 
execution:
    ConnectorError(ConnectorErro
r { user_facing_error: None, kin
d: QueryError(PostgresError { co
de: "42501", message: "permissio
n denied for schema public", sev
erity: "ERROR", detail: None, co
lumn: None, hint: None }), trans
ient: false })

    [0m [90m 146 |[39m       
  it([32m'Cannot delete Tenant 
B risks from Tenant A context'[
39m[33m,[39m [36masync[39m (
) [33m=>[39m {
     [90m 147 |[39m           
  [36mawait[39m withTenantDb(t
enantAId[33m,[39m [36masync[
39m (tx) [33m=>[39m {
    [31m[1m>[22m[39m[90m 14
8 |[39m                 [36mco
nst[39m result [33m=[39m [36
mawait[39m tx[33m.[39mrisk[3
3m.[39mdeleteMany({
     [90m     |[39m           
                     [31m[1m^
[22m[39m
     [90m 149 |[39m           
          where[33m:[39m { tit
le[33m:[39m { contains[33m:[
39m testRunId } }
     [90m 150 |[39m           
      })[33m;[39m
     [90m 151 |[39m           
      expect(result[33m.[39mco
unt)[33m.[39mtoBeGreaterThan(
[35m0[39m)[33m;[39m[0m

      at $n.handleRequestError (
node_modules/@prisma/client/runt
ime/library.js:121:7505)
      at $n.handleAndLogRequestE
rror (node_modules/@prisma/clien
t/runtime/library.js:121:6623)
      at $n.request (node_module
s/@prisma/client/runtime/library
.js:121:6307)
      at l (node_modules/@prisma
/client/runtime/library.js:130:9
633)
      at tests/integration/rls-i
solation.test.ts:148:32
      at Proxy._transactionWithC
allback (node_modules/@prisma/cl
ient/runtime/library.js:130:8000
)

  тЧП Postgres RLS Tenant Isolat
ion тА║ Policy SELECT Isolation 
тА║ Tenant A context only sees i
ts own policies

    PrismaClientUnknownRequestEr
ror: 
    Invalid `tx.policy.findMany(
)` invocation in
    C:\Users\Lenovo\.gemini\anti
gravity\scratch\inflect-complian
ce\tests\integration\rls-isolati
on.test.ts:167:50

      164 describe('Policy SELEC
T Isolation', () => {
      165     it('Tenant A conte
xt only sees its own policies', 
async () => {
      166         await withTena
ntDb(tenantAId, async (tx) => {
    тЖТ 167             const po
licies = await tx.policy.findMan
y(
    Error occurred during query 
execution:
    ConnectorError(ConnectorErro
r { user_facing_error: None, kin
d: QueryError(PostgresError { co
de: "42501", message: "permissio
n denied for schema public", sev
erity: "ERROR", detail: None, co
lumn: None, hint: None }), trans
ient: false })

    [0m [90m 165 |[39m       
  it([32m'Tenant A context only
 sees its own policies'[39m[33
m,[39m [36masync[39m () [33m
=>[39m {
     [90m 166 |[39m           
  [36mawait[39m withTenantDb(t
enantAId[33m,[39m [36masync[
39m (tx) [33m=>[39m {
    [31m[1m>[22m[39m[90m 16
7 |[39m                 [36mco
nst[39m policies [33m=[39m [
36mawait[39m tx[33m.[39mpolic
y[33m.[39mfindMany({
     [90m     |[39m           
                       [31m[1m
^[22m[39m
     [90m 168 |[39m           
          where[33m:[39m { tit
le[33m:[39m { contains[33m:[
39m testRunId } }
     [90m 169 |[39m           
      })[33m;[39m
     [90m 170 |[39m[0m

      at $n.handleRequestError (
node_modules/@prisma/client/runt
ime/library.js:121:7505)
      at $n.handleAndLogRequestE
rror (node_modules/@prisma/clien
t/runtime/library.js:121:6623)
      at $n.request (node_module
s/@prisma/client/runtime/library
.js:121:6307)
      at l (node_modules/@prisma
/client/runtime/library.js:130:9
633)
      at tests/integration/rls-i
solation.test.ts:167:34
      at Proxy._transactionWithC
allback (node_modules/@prisma/cl
ient/runtime/library.js:130:8000
)

  тЧП Postgres RLS Tenant Isolat
ion тА║ Policy INSERT Isolation 
тА║ Cannot insert a policy under
 Tenant B while in Tenant A cont
ext

    expect(received).rejects.toT
hrow(expected)

    Expected pattern: /new row v
iolates row-level security polic
y/
    Received message: "
    Invalid `tx.policy.create()`
 invocation in
    C:\\Users\\Lenovo\\.gemini\\
antigravity\\scratch\\inflect-co
mpliance\\tests\\integration\\rl
s-isolation.test.ts:182:37┬╖
      179 it('Cannot insert a po
licy under Tenant B while in Ten
ant A context', async () => {
      180     await expect(
      181         withTenantDb(t
enantAId, async (tx) => {
    тЖТ 182             await tx
.policy.create(
    Error occurred during query 
execution:
    ConnectorError(ConnectorErro
r { user_facing_error: None, kin
d: QueryError(PostgresError { co
de: \"42501\", message: \"permis
sion denied for schema public\",
 severity: \"ERROR\", detail: No
ne, column: None, hint: None }),
 transient: false })"

        [0m [90m 180 |[39m   
          [36mawait[39m expect
(
         [90m 181 |[39m       
          withTenantDb(tenantAId
[33m,[39m [36masync[39m (tx)
 [33m=>[39m {
        [31m[1m>[22m[39m[90
m 182 |[39m                    
 [36mawait[39m tx[33m.[39mpo
licy[33m.[39mcreate({
         [90m     |[39m       
              [31m[1m^[22m[3
9m
         [90m 183 |[39m       
                  data[33m:[39
m {
         [90m 184 |[39m       
                      tenantId[
33m:[39m tenantBId[33m,[39m
         [90m 185 |[39m       
                      title[33m
:[39m [32m'Malicious Policy In
sert'[39m[33m,[39m[0m

      at $n.handleRequestError (
node_modules/@prisma/client/runt
ime/library.js:121:7505)
      at $n.handleAndLogRequestE
rror (node_modules/@prisma/clien
t/runtime/library.js:121:6623)
      at $n.request (node_module
s/@prisma/client/runtime/library
.js:121:6307)
      at l (node_modules/@prisma
/client/runtime/library.js:130:9
633)
      at tests/integration/rls-i
solation.test.ts:182:21
      at Proxy._transactionWithC
allback (node_modules/@prisma/cl
ient/runtime/library.js:130:8000
)
      at Object.toThrow (node_mo
dules/expect/build/index.js:218:
22)
      at Object.<anonymous> (tes
ts/integration/rls-isolation.tes
t.ts:190:23)

  тЧП Postgres RLS Tenant Isolat
ion тА║ Evidence SELECT Isolatio
n тА║ Tenant B context only sees
 its own evidence

    PrismaClientUnknownRequestEr
ror: 
    Invalid `tx.evidence.findMan
y()` invocation in
    C:\Users\Lenovo\.gemini\anti
gravity\scratch\inflect-complian
ce\tests\integration\rls-isolati
on.test.ts:199:52

      196 describe('Evidence SEL
ECT Isolation', () => {
      197     it('Tenant B conte
xt only sees its own evidence', 
async () => {
      198         await withTena
ntDb(tenantBId, async (tx) => {
    тЖТ 199             const ev
idence = await tx.evidence.findM
any(
    Error occurred during query 
execution:
    ConnectorError(ConnectorErro
r { user_facing_error: None, kin
d: QueryError(PostgresError { co
de: "42501", message: "permissio
n denied for schema public", sev
erity: "ERROR", detail: None, co
lumn: None, hint: None }), trans
ient: false })

    [0m [90m 197 |[39m       
  it([32m'Tenant B context only
 sees its own evidence'[39m[33
m,[39m [36masync[39m () [33m
=>[39m {
     [90m 198 |[39m           
  [36mawait[39m withTenantDb(t
enantBId[33m,[39m [36masync[
39m (tx) [33m=>[39m {
    [31m[1m>[22m[39m[90m 19
9 |[39m                 [36mco
nst[39m evidence [33m=[39m [
36mawait[39m tx[33m.[39mevide
nce[33m.[39mfindMany({
     [90m     |[39m           
                       [31m[1m
^[22m[39m
     [90m 200 |[39m           
          where[33m:[39m { tit
le[33m:[39m { contains[33m:[
39m testRunId } }
     [90m 201 |[39m           
      })[33m;[39m
     [90m 202 |[39m[0m

      at $n.handleRequestError (
node_modules/@prisma/client/runt
ime/library.js:121:7505)
      at $n.handleAndLogRequestE
rror (node_modules/@prisma/clien
t/runtime/library.js:121:6623)
      at $n.request (node_module
s/@prisma/client/runtime/library
.js:121:6307)
      at l (node_modules/@prisma
/client/runtime/library.js:130:9
633)
      at tests/integration/rls-i
solation.test.ts:199:34
      at Proxy._transactionWithC
allback (node_modules/@prisma/cl
ient/runtime/library.js:130:8000
)

  тЧП Postgres RLS Tenant Isolat
ion тА║ Control with nullable te
nantId тА║ Tenant A can see both
 global (null tenantId) and its 
own controls

    PrismaClientUnknownRequestEr
ror: 
    Invalid `tx.control.findMany
()` invocation in
    C:\Users\Lenovo\.gemini\anti
gravity\scratch\inflect-complian
ce\tests\integration\rls-isolati
on.test.ts:238:51

      235 
      236 it('Tenant A can see b
oth global (null tenantId) and i
ts own controls', async () => {
      237     await withTenantDb
(tenantAId, async (tx) => {
    тЖТ 238         const contro
ls = await tx.control.findMany(
    Error occurred during query 
execution:
    ConnectorError(ConnectorErro
r { user_facing_error: None, kin
d: QueryError(PostgresError { co
de: "42501", message: "permissio
n denied for schema public", sev
erity: "ERROR", detail: None, co
lumn: None, hint: None }), trans
ient: false })

    [0m [90m 236 |[39m       
  it([32m'Tenant A can see both
 global (null tenantId) and its 
own controls'[39m[33m,[39m [
36masync[39m () [33m=>[39m {
     [90m 237 |[39m           
  [36mawait[39m withTenantDb(t
enantAId[33m,[39m [36masync[
39m (tx) [33m=>[39m {
    [31m[1m>[22m[39m[90m 23
8 |[39m                 [36mco
nst[39m controls [33m=[39m [
36mawait[39m tx[33m.[39mcontr
ol[33m.[39mfindMany({
     [90m     |[39m           
                       [31m[1m
^[22m[39m
     [90m 239 |[39m           
          where[33m:[39m { nam
e[33m:[39m { contains[33m:[3
9m testRunId } }[33m,[39m
     [90m 240 |[39m           
      })[33m;[39m
     [90m 241 |[39m[0m

      at $n.handleRequestError (
node_modules/@prisma/client/runt
ime/library.js:121:7505)
      at $n.handleAndLogRequestE
rror (node_modules/@prisma/clien
t/runtime/library.js:121:6623)
      at $n.request (node_module
s/@prisma/client/runtime/library
.js:121:6307)
      at l (node_modules/@prisma
/client/runtime/library.js:130:9
633)
      at tests/integration/rls-i
solation.test.ts:238:34
      at Proxy._transactionWithC
allback (node_modules/@prisma/cl
ient/runtime/library.js:130:8000
)

  тЧП Postgres RLS Tenant Isolat
ion тА║ Control with nullable te
nantId тА║ Tenant B can see glob
al controls but NOT Tenant A-spe
cific controls

    PrismaClientUnknownRequestEr
ror: 
    Invalid `tx.control.findMany
()` invocation in
    C:\Users\Lenovo\.gemini\anti
gravity\scratch\inflect-complian
ce\tests\integration\rls-isolati
on.test.ts:250:51

      247 
      248 it('Tenant B can see g
lobal controls but NOT Tenant A-
specific controls', async () => 
{
      249     await withTenantDb
(tenantBId, async (tx) => {
    тЖТ 250         const contro
ls = await tx.control.findMany(
    Error occurred during query 
execution:
    ConnectorError(ConnectorErro
r { user_facing_error: None, kin
d: QueryError(PostgresError { co
de: "42501", message: "permissio
n denied for schema public", sev
erity: "ERROR", detail: None, co
lumn: None, hint: None }), trans
ient: false })

    [0m [90m 248 |[39m       
  it([32m'Tenant B can see glob
al controls but NOT Tenant A-spe
cific controls'[39m[33m,[39m 
[36masync[39m () [33m=>[39m 
{
     [90m 249 |[39m           
  [36mawait[39m withTenantDb(t
enantBId[33m,[39m [36masync[
39m (tx) [33m=>[39m {
    [31m[1m>[22m[39m[90m 25
0 |[39m                 [36mco
nst[39m controls [33m=[39m [
36mawait[39m tx[33m.[39mcontr
ol[33m.[39mfindMany({
     [90m     |[39m           
                       [31m[1m
^[22m[39m
     [90m 251 |[39m           
          where[33m:[39m { nam
e[33m:[39m { contains[33m:[3
9m testRunId } }[33m,[39m
     [90m 252 |[39m           
      })[33m;[39m
     [90m 253 |[39m[0m

      at $n.handleRequestError (
node_modules/@prisma/client/runt
ime/library.js:121:7505)
      at $n.handleAndLogRequestE
rror (node_modules/@prisma/clien
t/runtime/library.js:121:6623)
      at $n.request (node_module
s/@prisma/client/runtime/library
.js:121:6307)
      at l (node_modules/@prisma
/client/runtime/library.js:130:9
633)
      at tests/integration/rls-i
solation.test.ts:250:34
      at Proxy._transactionWithC
allback (node_modules/@prisma/cl
ient/runtime/library.js:130:8000
)

  тЧП Postgres RLS Tenant Isolat
ion тА║ No tenant context set тА
║ Querying without app.tenant_id
 returns zero rows from tenant-s
coped tables

    PrismaClientUnknownRequestEr
ror: 
    Invalid `tx.risk.findMany()`
 invocation in
    C:\Users\Lenovo\.gemini\anti
gravity\scratch\inflect-complian
ce\tests\integration\rls-isolati
on.test.ts:269:32

      266 const result = await g
lobalPrisma.$transaction(async (
tx) => {
      267     await tx.$executeR
aw`SET LOCAL ROLE app_user`;
      268     // DO NOT set app.
tenant_id тАФ should return empt
y
    тЖТ 269     return tx.risk.f
indMany(
    Error occurred during query 
execution:
    ConnectorError(ConnectorErro
r { user_facing_error: None, kin
d: QueryError(PostgresError { co
de: "42501", message: "permissio
n denied for schema public", sev
erity: "ERROR", detail: None, co
lumn: None, hint: None }), trans
ient: false })

    [0m [90m 264 |[39m       
  it([32m'Querying without app.
tenant_id returns zero rows from
 tenant-scoped tables'[39m[33m
,[39m [36masync[39m () [33m=
>[39m {
     [90m 265 |[39m           
  [90m// Execute a raw transact
ion as app_user but WITHOUT sett
ing app.tenant_id[39m
    [31m[1m>[22m[39m[90m 26
6 |[39m             [36mconst
[39m result [33m=[39m [36mawa
it[39m globalPrisma[33m.[39m$
transaction([36masync[39m (tx)
 [33m=>[39m {
     [90m     |[39m           
                 [31m[1m^[22m
[39m
     [90m 267 |[39m           
      [36mawait[39m tx[33m.[
39m$executeRaw[32m`SET LOCAL RO
LE app_user`[39m[33m;[39m
     [90m 268 |[39m           
      [90m// DO NOT set app.ten
ant_id тАФ should return empty[
39m
     [90m 269 |[39m           
      [36mreturn[39m tx[33m.
[39mrisk[33m.[39mfindMany({[0
m

      at $n.handleRequestError (
node_modules/@prisma/client/runt
ime/library.js:121:7505)
      at $n.handleAndLogRequestE
rror (node_modules/@prisma/clien
t/runtime/library.js:121:6623)
      at $n.request (node_module
s/@prisma/client/runtime/library
.js:121:6307)
      at l (node_modules/@prisma
/client/runtime/library.js:130:9
633)
      at Proxy._transactionWithC
allback (node_modules/@prisma/cl
ient/runtime/library.js:130:8000
)
      at Object.<anonymous> (tes
ts/integration/rls-isolation.tes
t.ts:266:28)


Test Suites: 5 failed, 52 passed
, 57 total
Tests:       25 failed, 1827 pas
sed, 1852 total
Snapshots:   0 total
Time:        11.596 s
Ran all test suites.
